Archive member included to satisfy reference by file (symbol)

e:/btvn/nam 3/vi xu ly/stm32cubeide_1.7.0/stm32cubeide/plugins/com.st.stm32cube.ide.mcu.externaltools.gnu-tools-for-stm32.9-2020-q2-update.win32_2.0.0.202105311346/tools/bin/../lib/gcc/arm-none-eabi/9.3.1/../../../../arm-none-eabi/lib/thumb/v7-m/nofp\libc_nano.a(lib_a-errno.o)
                              ./Core/Src/syscalls.o (__errno)
e:/btvn/nam 3/vi xu ly/stm32cubeide_1.7.0/stm32cubeide/plugins/com.st.stm32cube.ide.mcu.externaltools.gnu-tools-for-stm32.9-2020-q2-update.win32_2.0.0.202105311346/tools/bin/../lib/gcc/arm-none-eabi/9.3.1/../../../../arm-none-eabi/lib/thumb/v7-m/nofp\libc_nano.a(lib_a-exit.o)
                              e:/btvn/nam 3/vi xu ly/stm32cubeide_1.7.0/stm32cubeide/plugins/com.st.stm32cube.ide.mcu.externaltools.gnu-tools-for-stm32.9-2020-q2-update.win32_2.0.0.202105311346/tools/bin/../lib/gcc/arm-none-eabi/9.3.1/../../../../arm-none-eabi/lib/thumb/v7-m/nofp/crt0.o (exit)
e:/btvn/nam 3/vi xu ly/stm32cubeide_1.7.0/stm32cubeide/plugins/com.st.stm32cube.ide.mcu.externaltools.gnu-tools-for-stm32.9-2020-q2-update.win32_2.0.0.202105311346/tools/bin/../lib/gcc/arm-none-eabi/9.3.1/../../../../arm-none-eabi/lib/thumb/v7-m/nofp\libc_nano.a(lib_a-impure.o)
                              e:/btvn/nam 3/vi xu ly/stm32cubeide_1.7.0/stm32cubeide/plugins/com.st.stm32cube.ide.mcu.externaltools.gnu-tools-for-stm32.9-2020-q2-update.win32_2.0.0.202105311346/tools/bin/../lib/gcc/arm-none-eabi/9.3.1/../../../../arm-none-eabi/lib/thumb/v7-m/nofp\libc_nano.a(lib_a-exit.o) (_global_impure_ptr)
e:/btvn/nam 3/vi xu ly/stm32cubeide_1.7.0/stm32cubeide/plugins/com.st.stm32cube.ide.mcu.externaltools.gnu-tools-for-stm32.9-2020-q2-update.win32_2.0.0.202105311346/tools/bin/../lib/gcc/arm-none-eabi/9.3.1/../../../../arm-none-eabi/lib/thumb/v7-m/nofp\libc_nano.a(lib_a-init.o)
                              e:/btvn/nam 3/vi xu ly/stm32cubeide_1.7.0/stm32cubeide/plugins/com.st.stm32cube.ide.mcu.externaltools.gnu-tools-for-stm32.9-2020-q2-update.win32_2.0.0.202105311346/tools/bin/../lib/gcc/arm-none-eabi/9.3.1/../../../../arm-none-eabi/lib/thumb/v7-m/nofp/crt0.o (__libc_init_array)
e:/btvn/nam 3/vi xu ly/stm32cubeide_1.7.0/stm32cubeide/plugins/com.st.stm32cube.ide.mcu.externaltools.gnu-tools-for-stm32.9-2020-q2-update.win32_2.0.0.202105311346/tools/bin/../lib/gcc/arm-none-eabi/9.3.1/../../../../arm-none-eabi/lib/thumb/v7-m/nofp\libc_nano.a(lib_a-memset.o)
                              e:/btvn/nam 3/vi xu ly/stm32cubeide_1.7.0/stm32cubeide/plugins/com.st.stm32cube.ide.mcu.externaltools.gnu-tools-for-stm32.9-2020-q2-update.win32_2.0.0.202105311346/tools/bin/../lib/gcc/arm-none-eabi/9.3.1/../../../../arm-none-eabi/lib/thumb/v7-m/nofp/crt0.o (memset)
e:/btvn/nam 3/vi xu ly/stm32cubeide_1.7.0/stm32cubeide/plugins/com.st.stm32cube.ide.mcu.externaltools.gnu-tools-for-stm32.9-2020-q2-update.win32_2.0.0.202105311346/tools/bin/../lib/gcc/arm-none-eabi/9.3.1/../../../../arm-none-eabi/lib/thumb/v7-m/nofp\libc_nano.a(lib_a-sprintf.o)
                              ./Core/Src/transfer.o (sprintf)
e:/btvn/nam 3/vi xu ly/stm32cubeide_1.7.0/stm32cubeide/plugins/com.st.stm32cube.ide.mcu.externaltools.gnu-tools-for-stm32.9-2020-q2-update.win32_2.0.0.202105311346/tools/bin/../lib/gcc/arm-none-eabi/9.3.1/../../../../arm-none-eabi/lib/thumb/v7-m/nofp\libc_nano.a(lib_a-nano-svfprintf.o)
                              e:/btvn/nam 3/vi xu ly/stm32cubeide_1.7.0/stm32cubeide/plugins/com.st.stm32cube.ide.mcu.externaltools.gnu-tools-for-stm32.9-2020-q2-update.win32_2.0.0.202105311346/tools/bin/../lib/gcc/arm-none-eabi/9.3.1/../../../../arm-none-eabi/lib/thumb/v7-m/nofp\libc_nano.a(lib_a-sprintf.o) (_svfprintf_r)
e:/btvn/nam 3/vi xu ly/stm32cubeide_1.7.0/stm32cubeide/plugins/com.st.stm32cube.ide.mcu.externaltools.gnu-tools-for-stm32.9-2020-q2-update.win32_2.0.0.202105311346/tools/bin/../lib/gcc/arm-none-eabi/9.3.1/../../../../arm-none-eabi/lib/thumb/v7-m/nofp\libc_nano.a(lib_a-nano-vfprintf_i.o)
                              e:/btvn/nam 3/vi xu ly/stm32cubeide_1.7.0/stm32cubeide/plugins/com.st.stm32cube.ide.mcu.externaltools.gnu-tools-for-stm32.9-2020-q2-update.win32_2.0.0.202105311346/tools/bin/../lib/gcc/arm-none-eabi/9.3.1/../../../../arm-none-eabi/lib/thumb/v7-m/nofp\libc_nano.a(lib_a-nano-svfprintf.o) (_printf_i)
e:/btvn/nam 3/vi xu ly/stm32cubeide_1.7.0/stm32cubeide/plugins/com.st.stm32cube.ide.mcu.externaltools.gnu-tools-for-stm32.9-2020-q2-update.win32_2.0.0.202105311346/tools/bin/../lib/gcc/arm-none-eabi/9.3.1/../../../../arm-none-eabi/lib/thumb/v7-m/nofp\libc_nano.a(lib_a-memchr-stub.o)
                              e:/btvn/nam 3/vi xu ly/stm32cubeide_1.7.0/stm32cubeide/plugins/com.st.stm32cube.ide.mcu.externaltools.gnu-tools-for-stm32.9-2020-q2-update.win32_2.0.0.202105311346/tools/bin/../lib/gcc/arm-none-eabi/9.3.1/../../../../arm-none-eabi/lib/thumb/v7-m/nofp\libc_nano.a(lib_a-nano-svfprintf.o) (memchr)
[...]
Memory Configuration

Name             Origin             Length             Attributes
RAM              0x0000000020000000 0x0000000000005000 xrw
FLASH            0x0000000008000000 0x0000000000020000 xr
*default*        0x0000000000000000 0xffffffffffffffff

Linker script and memory map

LOAD e:/btvn/nam 3/vi xu ly/stm32cubeide_1.7.0/stm32cubeide/plugins/com.st.stm32cube.ide.mcu.externaltools.gnu-tools-for-stm32.9-2020-q2-update.win32_2.0.0.202105311346/tools/bin/../lib/gcc/arm-none-eabi/9.3.1/thumb/v7-m/nofp/crti.o
LOAD e:/btvn/nam 3/vi xu ly/stm32cubeide_1.7.0/stm32cubeide/plugins/com.st.stm32cube.ide.mcu.externaltools.gnu-tools-for-stm32.9-2020-q2-update.win32_2.0.0.202105311346/tools/bin/../lib/gcc/arm-none-eabi/9.3.1/thumb/v7-m/nofp/crtbegin.o
LOAD e:/btvn/nam 3/vi xu ly/stm32cubeide_1.7.0/stm32cubeide/plugins/com.st.stm32cube.ide.mcu.externaltools.gnu-tools-for-stm32.9-2020-q2-update.win32_2.0.0.202105311346/tools/bin/../lib/gcc/arm-none-eabi/9.3.1/../../../../arm-none-eabi/lib/thumb/v7-m/nofp/crt0.o
LOAD ./Core/Src/button.o
LOAD ./Core/Src/fsm_auto.o
LOAD ./Core/Src/fsm_manual.o
LOAD ./Core/Src/global_vars.o
LOAD ./Core/Src/main.o
LOAD ./Core/Src/pedestrian.o
LOAD ./Core/Src/stm32f1xx_hal_msp.o
LOAD ./Core/Src/stm32f1xx_it.o
LOAD ./Core/Src/syscalls.o
LOAD ./Core/Src/sysmem.o
LOAD ./Core/Src/system_stm32f1xx.o
LOAD ./Core/Src/timer.o
LOAD ./Core/Src/traffic_light.o
LOAD ./Core/Src/transfer.o
LOAD ./Core/Startup/startup_stm32f103rbtx.o
LOAD ./Drivers/STM32F1xx_HAL_Driver/Src/stm32f1xx_hal.o
LOAD ./Drivers/STM32F1xx_HAL_Driver/Src/stm32f1xx_hal_cortex.o
LOAD ./Drivers/STM32F1xx_HAL_Driver/Src/stm32f1xx_hal_dma.o
LOAD ./Drivers/STM32F1xx_HAL_Driver/Src/stm32f1xx_hal_exti.o
LOAD ./Drivers/STM32F1xx_HAL_Driver/Src/stm32f1xx_hal_flash.o
LOAD ./Drivers/STM32F1xx_HAL_Driver/Src/stm32f1xx_hal_flash_ex.o
LOAD ./Drivers/STM32F1xx_HAL_Driver/Src/stm32f1xx_hal_gpio.o
LOAD ./Drivers/STM32F1xx_HAL_Driver/Src/stm32f1xx_hal_gpio_ex.o
LOAD ./Drivers/STM32F1xx_HAL_Driver/Src/stm32f1xx_hal_pwr.o
LOAD ./Drivers/STM32F1xx_HAL_Driver/Src/stm32f1xx_hal_rcc.o
LOAD ./Drivers/STM32F1xx_HAL_Driver/Src/stm32f1xx_hal_rcc_ex.o
LOAD ./Drivers/STM32F1xx_HAL_Driver/Src/stm32f1xx_hal_tim.o
LOAD ./Drivers/STM32F1xx_HAL_Driver/Src/stm32f1xx_hal_tim_ex.o
LOAD ./Drivers/STM32F1xx_HAL_Driver/Src/stm32f1xx_hal_uart.o
START GROUP
LOAD e:/btvn/nam 3/vi xu ly/stm32cubeide_1.7.0/stm32cubeide/plugins/com.st.stm32cube.ide.mcu.externaltools.gnu-tools-for-stm32.9-2020-q2-update.win32_2.0.0.202105311346/tools/bin/../lib/gcc/arm-none-eabi/9.3.1/../../../../arm-none-eabi/lib/thumb/v7-m/nofp\libc_nano.a
LOAD e:/btvn/nam 3/vi xu ly/stm32cubeide_1.7.0/stm32cubeide/plugins/com.st.stm32cube.ide.mcu.externaltools.gnu-tools-for-stm32.9-2020-q2-update.win32_2.0.0.202105311346/tools/bin/../lib/gcc/arm-none-eabi/9.3.1/../../../../arm-none-eabi/lib/thumb/v7-m/nofp\libm.a
END GROUP
START GROUP
LOAD e:/btvn/nam 3/vi xu ly/stm32cubeide_1.7.0/stm32cubeide/plugins/com.st.stm32cube.ide.mcu.externaltools.gnu-tools-for-stm32.9-2020-q2-update.win32_2.0.0.202105311346/tools/bin/../lib/gcc/arm-none-eabi/9.3.1/thumb/v7-m/nofp\libgcc.a
LOAD e:/btvn/nam 3/vi xu ly/stm32cubeide_1.7.0/stm32cubeide/plugins/com.st.stm32cube.ide.mcu.externaltools.gnu-tools-for-stm32.9-2020-q2-update.win32_2.0.0.202105311346/tools/bin/../lib/gcc/arm-none-eabi/9.3.1/../../../../arm-none-eabi/lib/thumb/v7-m/nofp\libc_nano.a
END GROUP
START GROUP
LOAD e:/btvn/nam 3/vi xu ly/stm32cubeide_1.7.0/stm32cubeide/plugins/com.st.stm32cube.ide.mcu.externaltools.gnu-tools-for-stm32.9-2020-q2-update.win32_2.0.0.202105311346/tools/bin/../lib/gcc/arm-none-eabi/9.3.1/thumb/v7-m/nofp\libgcc.a
LOAD e:/btvn/nam 3/vi xu ly/stm32cubeide_1.7.0/stm32cubeide/plugins/com.st.stm32cube.ide.mcu.externaltools.gnu-tools-for-stm32.9-2020-q2-update.win32_2.0.0.202105311346/tools/bin/../lib/gcc/arm-none-eabi/9.3.1/../../../../arm-none-eabi/lib/thumb/v7-m/nofp\libc_nano.a
LOAD e:/btvn/nam 3/vi xu ly/stm32cubeide_1.7.0/stm32cubeide/plugins/com.st.stm32cube.ide.mcu.externaltools.gnu-tools-for-stm32.9-2020-q2-update.win32_2.0.0.202105311346/tools/bin/../lib/gcc/arm-none-eabi/9.3.1/../../../../arm-none-eabi/lib/thumb/v7-m/nofp\libnosys.a
END GROUP
START GROUP
LOAD e:/btvn/nam 3/vi xu ly/stm32cubeide_1.7.0/stm32cubeide/plugins/com.st.stm32cube.ide.mcu.externaltools.gnu-tools-for-stm32.9-2020-q2-update.win32_2.0.0.202105311346/tools/bin/../lib/gcc/arm-none-eabi/9.3.1/thumb/v7-m/nofp\libgcc.a
LOAD e:/btvn/nam 3/vi xu ly/stm32cubeide_1.7.0/stm32cubeide/plugins/com.st.stm32cube.ide.mcu.externaltools.gnu-tools-for-stm32.9-2020-q2-update.win32_2.0.0.202105311346/tools/bin/../lib/gcc/arm-none-eabi/9.3.1/../../../../arm-none-eabi/lib/thumb/v7-m/nofp\libc_nano.a
LOAD e:/btvn/nam 3/vi xu ly/stm32cubeide_1.7.0/stm32cubeide/plugins/com.st.stm32cube.ide.mcu.externaltools.gnu-tools-for-stm32.9-2020-q2-update.win32_2.0.0.202105311346/tools/bin/../lib/gcc/arm-none-eabi/9.3.1/../../../../arm-none-eabi/lib/thumb/v7-m/nofp\libnosys.a
END GROUP
LOAD e:/btvn/nam 3/vi xu ly/stm32cubeide_1.7.0/stm32cubeide/plugins/com.st.stm32cube.ide.mcu.externaltools.gnu-tools-for-stm32.9-2020-q2-update.win32_2.0.0.202105311346/tools/bin/../lib/gcc/arm-none-eabi/9.3.1/thumb/v7-m/nofp/crtend.o
LOAD e:/btvn/nam 3/vi xu ly/stm32cubeide_1.7.0/stm32cubeide/plugins/com.st.stm32cube.ide.mcu.externaltools.gnu-tools-for-stm32.9-2020-q2-update.win32_2.0.0.202105311346/tools/bin/../lib/gcc/arm-none-eabi/9.3.1/thumb/v7-m/nofp/crtn.o
                0x0000000020005000                _estack = (ORIGIN (RAM) + LENGTH (RAM))
                0x0000000000000200                _Min_Heap_Size = 0x200
                0x0000000000000400                _Min_Stack_Size = 0x400

.isr_vector     0x0000000008000000      0x10c
                0x0000000008000000                . = ALIGN (0x4)
 *(.isr_vector)
 .isr_vector    0x0000000008000000      0x10c ./Core/Startup/startup_stm32f103rbtx.o
                0x0000000008000000                g_pfnVectors
                0x000000000800010c                . = ALIGN (0x4)

.text           0x000000000800010c     0x4c38
                0x000000000800010c                . = ALIGN (0x4)
 *(.text)
 .text          0x000000000800010c       0x40 e:/btvn/nam 3/vi xu ly/stm32cubeide_1.7.0/stm32cubeide/plugins/com.st.stm32cube.ide.mcu.externaltools.gnu-tools-for-stm32.9-2020-q2-update.win32_2.0.0.202105311346/tools/bin/../lib/gcc/arm-none-eabi/9.3.1/thumb/v7-m/nofp/crtbegin.o
 *(.text*)
 .text.ButtonInitializer
                0x000000000800014c      0x150 ./Core/Src/button.o
                0x000000000800014c                ButtonInitializer
 .text.buttonInnit
                0x000000000800029c        0xe ./Core/Src/button.o
                0x000000000800029c                buttonInnit
 *fill*         0x00000000080002aa        0x2 
 .text.isButtonPressed
                0x00000000080002ac       0x24 ./Core/Src/button.o
                0x00000000080002ac                isButtonPressed
 .text.isButtonLongPressed
                0x00000000080002d0       0x24 ./Core/Src/button.o
                0x00000000080002d0                isButtonLongPressed
 .text.getInput
                0x00000000080002f4      0x254 ./Core/Src/button.o
                0x00000000080002f4                getInput
 .text.getKeyInput
                0x0000000008000548        0xe ./Core/Src/button.o
                0x0000000008000548                getKeyInput
 *fill*         0x0000000008000556        0x2 
 .text.fsm_automatic_run
                0x0000000008000558      0x220 ./Core/Src/fsm_auto.o
                0x0000000008000558                fsm_automatic_run
 .text.changeMode
                0x0000000008000778       0x30 ./Core/Src/fsm_manual.o
                0x0000000008000778                changeMode
 .text.fsm_manual_run
                0x00000000080007a8      0x500 ./Core/Src/fsm_manual.o
                0x00000000080007a8                fsm_manual_run
 .text.HAL_UART_RxCpltCallback
                0x0000000008000ca8       0x3c ./Core/Src/main.o
                0x0000000008000ca8                HAL_UART_RxCpltCallback
 .text.main     0x0000000008000ce4       0x68 ./Core/Src/main.o
                0x0000000008000ce4                main
 .text.SystemClock_Config
                0x0000000008000d4c       0x82 ./Core/Src/main.o
                0x0000000008000d4c                SystemClock_Config
 *fill*         0x0000000008000dce        0x2 
 .text.MX_TIM2_Init
                0x0000000008000dd0       0x9c ./Core/Src/main.o
 .text.MX_TIM3_Init
                0x0000000008000e6c       0xf0 ./Core/Src/main.o
 .text.MX_USART3_UART_Init
                0x0000000008000f5c       0x54 ./Core/Src/main.o
 .text.MX_GPIO_Init
                0x0000000008000fb0      0x13c ./Core/Src/main.o
 .text.HAL_TIM_PeriodElapsedCallback
                0x00000000080010ec       0x18 ./Core/Src/main.o
                0x00000000080010ec                HAL_TIM_PeriodElapsedCallback
 .text.Error_Handler
                0x0000000008001104        0xa ./Core/Src/main.o
                0x0000000008001104                Error_Handler
 .text.ped_run  0x000000000800110e        0xc ./Core/Src/pedestrian.o
                0x000000000800110e                ped_run
 *fill*         0x000000000800111a        0x2 
 .text.buzzer   0x000000000800111c       0x20 ./Core/Src/pedestrian.o
                0x000000000800111c                buzzer
 .text.HAL_MspInit
                0x000000000800113c       0x64 ./Core/Src/stm32f1xx_hal_msp.o
                0x000000000800113c                HAL_MspInit
 .text.HAL_TIM_Base_MspInit
                0x00000000080011a0       0x70 ./Core/Src/stm32f1xx_hal_msp.o
                0x00000000080011a0                HAL_TIM_Base_MspInit
 .text.HAL_TIM_MspPostInit
                0x0000000008001210       0x64 ./Core/Src/stm32f1xx_hal_msp.o
                0x0000000008001210                HAL_TIM_MspPostInit
 .text.HAL_UART_MspInit
                0x0000000008001274       0xa8 ./Core/Src/stm32f1xx_hal_msp.o
                0x0000000008001274                HAL_UART_MspInit
 .text.NMI_Handler
                0x000000000800131c        0x6 ./Core/Src/stm32f1xx_it.o
                0x000000000800131c                NMI_Handler
 .text.HardFault_Handler
                0x0000000008001322        0x6 ./Core/Src/stm32f1xx_it.o
                0x0000000008001322                HardFault_Handler
 .text.MemManage_Handler
                0x0000000008001328        0x6 ./Core/Src/stm32f1xx_it.o
                0x0000000008001328                MemManage_Handler
 .text.BusFault_Handler
                0x000000000800132e        0x6 ./Core/Src/stm32f1xx_it.o
                0x000000000800132e                BusFault_Handler
 .text.UsageFault_Handler
                0x0000000008001334        0x6 ./Core/Src/stm32f1xx_it.o
                0x0000000008001334                UsageFault_Handler
 .text.SVC_Handler
                0x000000000800133a        0xc ./Core/Src/stm32f1xx_it.o
                0x000000000800133a                SVC_Handler
 .text.DebugMon_Handler
                0x0000000008001346        0xc ./Core/Src/stm32f1xx_it.o
                0x0000000008001346                DebugMon_Handler
 .text.PendSV_Handler
                0x0000000008001352        0xc ./Core/Src/stm32f1xx_it.o
                0x0000000008001352                PendSV_Handler
 .text.SysTick_Handler
                0x000000000800135e        0xc ./Core/Src/stm32f1xx_it.o
                0x000000000800135e                SysTick_Handler
 *fill*         0x000000000800136a        0x2 
 .text.TIM2_IRQHandler
                0x000000000800136c       0x14 ./Core/Src/stm32f1xx_it.o
                0x000000000800136c                TIM2_IRQHandler
 .text.USART3_IRQHandler
                0x0000000008001380       0x14 ./Core/Src/stm32f1xx_it.o
                0x0000000008001380                USART3_IRQHandler
 .text._sbrk    0x0000000008001394       0x6c ./Core/Src/sysmem.o
                0x0000000008001394                _sbrk
 .text.SystemInit
                0x0000000008001400        0xc ./Core/Src/system_stm32f1xx.o
                0x0000000008001400                SystemInit
 .text.Innitial_Timer
                0x000000000800140c       0x54 ./Core/Src/timer.o
                0x000000000800140c                Innitial_Timer
 .text.timerInnit
                0x0000000008001460        0xe ./Core/Src/timer.o
                0x0000000008001460                timerInnit
 *fill*         0x000000000800146e        0x2 
 .text.setTimer
                0x0000000008001470       0x38 ./Core/Src/timer.o
                0x0000000008001470                setTimer
 .text.RunTimer
                0x00000000080014a8       0x80 ./Core/Src/timer.o
                0x00000000080014a8                RunTimer
 .text.timerRun
                0x0000000008001528        0xe ./Core/Src/timer.o
                0x0000000008001528                timerRun
 *fill*         0x0000000008001536        0x2 
 .text.isTimerOn
                0x0000000008001538       0x20 ./Core/Src/timer.o
                0x0000000008001538                isTimerOn
 .text.setTrafficLightDefault
                0x0000000008001558       0x9c ./Core/Src/traffic_light.o
                0x0000000008001558                setTrafficLightDefault
 .text.setGreen
                0x00000000080015f4       0x84 ./Core/Src/traffic_light.o
                0x00000000080015f4                setGreen
 .text.setRed   0x0000000008001678       0x84 ./Core/Src/traffic_light.o
                0x0000000008001678                setRed
 .text.setAmber
                0x00000000080016fc       0x5c ./Core/Src/traffic_light.o
                0x00000000080016fc                setAmber
 .text.Display  0x0000000008001758       0xfc ./Core/Src/transfer.o
                0x0000000008001758                Display
 .text.Reset_Handler
                0x0000000008001854       0x48 ./Core/Startup/startup_stm32f103rbtx.o
                0x0000000008001854                Reset_Handler
 .text.Default_Handler
                0x000000000800189c        0x2 ./Core/Startup/startup_stm32f103rbtx.o
                0x000000000800189c                RTC_Alarm_IRQHandler
                0x000000000800189c                EXTI2_IRQHandler
                0x000000000800189c                TIM1_CC_IRQHandler
                0x000000000800189c                PVD_IRQHandler
                0x000000000800189c                EXTI3_IRQHandler
                0x000000000800189c                EXTI0_IRQHandler
                0x000000000800189c                I2C2_EV_IRQHandler
                0x000000000800189c                ADC1_2_IRQHandler
                0x000000000800189c                SPI1_IRQHandler
                0x000000000800189c                TAMPER_IRQHandler
                0x000000000800189c                DMA1_Channel4_IRQHandler
                0x000000000800189c                RTC_IRQHandler
                0x000000000800189c                DMA1_Channel7_IRQHandler
                0x000000000800189c                CAN1_RX1_IRQHandler
                0x000000000800189c                TIM4_IRQHandler
                0x000000000800189c                I2C1_EV_IRQHandler
                0x000000000800189c                DMA1_Channel6_IRQHandler
                0x000000000800189c                TIM3_IRQHandler
                0x000000000800189c                RCC_IRQHandler
                0x000000000800189c                TIM1_TRG_COM_IRQHandler
                0x000000000800189c                DMA1_Channel1_IRQHandler
                0x000000000800189c                Default_Handler
                0x000000000800189c                EXTI15_10_IRQHandler
                0x000000000800189c                EXTI9_5_IRQHandler
                0x000000000800189c                SPI2_IRQHandler
                0x000000000800189c                DMA1_Channel5_IRQHandler
                0x000000000800189c                EXTI4_IRQHandler
                0x000000000800189c                USB_LP_CAN1_RX0_IRQHandler
                0x000000000800189c                USB_HP_CAN1_TX_IRQHandler
                0x000000000800189c                DMA1_Channel3_IRQHandler
                0x000000000800189c                TIM1_UP_IRQHandler
                0x000000000800189c                WWDG_IRQHandler
                0x000000000800189c                TIM1_BRK_IRQHandler
                0x000000000800189c                EXTI1_IRQHandler
                0x000000000800189c                USART2_IRQHandler
                0x000000000800189c                I2C2_ER_IRQHandler
                0x000000000800189c                DMA1_Channel2_IRQHandler
                0x000000000800189c                CAN1_SCE_IRQHandler
                0x000000000800189c                FLASH_IRQHandler
                0x000000000800189c                USART1_IRQHandler
                0x000000000800189c                I2C1_ER_IRQHandler
                0x000000000800189c                USBWakeUp_IRQHandler
 *fill*         0x000000000800189e        0x2 
 .text.HAL_Init
                0x00000000080018a0       0x2c ./Drivers/STM32F1xx_HAL_Driver/Src/stm32f1xx_hal.o
                0x00000000080018a0                HAL_Init
 .text.HAL_InitTick
                0x00000000080018cc       0x60 ./Drivers/STM32F1xx_HAL_Driver/Src/stm32f1xx_hal.o
                0x00000000080018cc                HAL_InitTick
 .text.HAL_IncTick
                0x000000000800192c       0x24 ./Drivers/STM32F1xx_HAL_Driver/Src/stm32f1xx_hal.o
                0x000000000800192c                HAL_IncTick
 .text.HAL_GetTick
                0x0000000008001950       0x14 ./Drivers/STM32F1xx_HAL_Driver/Src/stm32f1xx_hal.o
                0x0000000008001950                HAL_GetTick
 .text.__NVIC_SetPriorityGrouping
                0x0000000008001964       0x48 ./Drivers/STM32F1xx_HAL_Driver/Src/stm32f1xx_hal_cortex.o
 .text.__NVIC_GetPriorityGrouping
                0x00000000080019ac       0x1c ./Drivers/STM32F1xx_HAL_Driver/Src/stm32f1xx_hal_cortex.o
 .text.__NVIC_EnableIRQ
                0x00000000080019c8       0x38 ./Drivers/STM32F1xx_HAL_Driver/Src/stm32f1xx_hal_cortex.o
 .text.__NVIC_SetPriority
                0x0000000008001a00       0x54 ./Drivers/STM32F1xx_HAL_Driver/Src/stm32f1xx_hal_cortex.o
 .text.NVIC_EncodePriority
                0x0000000008001a54       0x64 ./Drivers/STM32F1xx_HAL_Driver/Src/stm32f1xx_hal_cortex.o
 .text.SysTick_Config
                0x0000000008001ab8       0x44 ./Drivers/STM32F1xx_HAL_Driver/Src/stm32f1xx_hal_cortex.o
 .text.HAL_NVIC_SetPriorityGrouping
                0x0000000008001afc       0x16 ./Drivers/STM32F1xx_HAL_Driver/Src/stm32f1xx_hal_cortex.o
                0x0000000008001afc                HAL_NVIC_SetPriorityGrouping
 .text.HAL_NVIC_SetPriority
                0x0000000008001b12       0x38 ./Drivers/STM32F1xx_HAL_Driver/Src/stm32f1xx_hal_cortex.o
                0x0000000008001b12                HAL_NVIC_SetPriority
 .text.HAL_NVIC_EnableIRQ
                0x0000000008001b4a       0x1c ./Drivers/STM32F1xx_HAL_Driver/Src/stm32f1xx_hal_cortex.o
                0x0000000008001b4a                HAL_NVIC_EnableIRQ
 .text.HAL_SYSTICK_Config
                0x0000000008001b66       0x18 ./Drivers/STM32F1xx_HAL_Driver/Src/stm32f1xx_hal_cortex.o
                0x0000000008001b66                HAL_SYSTICK_Config
 .text.HAL_DMA_Abort
                0x0000000008001b7e       0x76 ./Drivers/STM32F1xx_HAL_Driver/Src/stm32f1xx_hal_dma.o
                0x0000000008001b7e                HAL_DMA_Abort
 .text.HAL_DMA_Abort_IT
                0x0000000008001bf4       0xf0 ./Drivers/STM32F1xx_HAL_Driver/Src/stm32f1xx_hal_dma.o
                0x0000000008001bf4                HAL_DMA_Abort_IT
 .text.HAL_GPIO_Init
                0x0000000008001ce4      0x308 ./Drivers/STM32F1xx_HAL_Driver/Src/stm32f1xx_hal_gpio.o
                0x0000000008001ce4                HAL_GPIO_Init
 .text.HAL_GPIO_ReadPin
                0x0000000008001fec       0x2e ./Drivers/STM32F1xx_HAL_Driver/Src/stm32f1xx_hal_gpio.o
                0x0000000008001fec                HAL_GPIO_ReadPin
 .text.HAL_GPIO_WritePin
                0x000000000800201a       0x30 ./Drivers/STM32F1xx_HAL_Driver/Src/stm32f1xx_hal_gpio.o
                0x000000000800201a                HAL_GPIO_WritePin
 .text.HAL_GPIO_TogglePin
                0x000000000800204a       0x32 ./Drivers/STM32F1xx_HAL_Driver/Src/stm32f1xx_hal_gpio.o
                0x000000000800204a                HAL_GPIO_TogglePin
 .text.HAL_RCC_OscConfig
                0x000000000800207c      0x500 ./Drivers/STM32F1xx_HAL_Driver/Src/stm32f1xx_hal_rcc.o
                0x000000000800207c                HAL_RCC_OscConfig
 .text.HAL_RCC_ClockConfig
                0x000000000800257c      0x1d4 ./Drivers/STM32F1xx_HAL_Driver/Src/stm32f1xx_hal_rcc.o
                0x000000000800257c                HAL_RCC_ClockConfig
 .text.HAL_RCC_GetSysClockFreq
                0x0000000008002750       0xa8 ./Drivers/STM32F1xx_HAL_Driver/Src/stm32f1xx_hal_rcc.o
                0x0000000008002750                HAL_RCC_GetSysClockFreq
 .text.HAL_RCC_GetHCLKFreq
                0x00000000080027f8       0x14 ./Drivers/STM32F1xx_HAL_Driver/Src/stm32f1xx_hal_rcc.o
                0x00000000080027f8                HAL_RCC_GetHCLKFreq
 .text.HAL_RCC_GetPCLK1Freq
                0x000000000800280c       0x28 ./Drivers/STM32F1xx_HAL_Driver/Src/stm32f1xx_hal_rcc.o
                0x000000000800280c                HAL_RCC_GetPCLK1Freq
 .text.HAL_RCC_GetPCLK2Freq
                0x0000000008002834       0x28 ./Drivers/STM32F1xx_HAL_Driver/Src/stm32f1xx_hal_rcc.o
                0x0000000008002834                HAL_RCC_GetPCLK2Freq
 .text.RCC_Delay
                0x000000000800285c       0x3c ./Drivers/STM32F1xx_HAL_Driver/Src/stm32f1xx_hal_rcc.o
 .text.HAL_TIM_Base_Init
                0x0000000008002898       0x9e ./Drivers/STM32F1xx_HAL_Driver/Src/stm32f1xx_hal_tim.o
                0x0000000008002898                HAL_TIM_Base_Init
 *fill*         0x0000000008002936        0x2 
 .text.HAL_TIM_Base_Start_IT
                0x0000000008002938       0xa4 ./Drivers/STM32F1xx_HAL_Driver/Src/stm32f1xx_hal_tim.o
                0x0000000008002938                HAL_TIM_Base_Start_IT
 .text.HAL_TIM_PWM_Init
                0x00000000080029dc       0x9e ./Drivers/STM32F1xx_HAL_Driver/Src/stm32f1xx_hal_tim.o
                0x00000000080029dc                HAL_TIM_PWM_Init
 .text.HAL_TIM_PWM_MspInit
                0x0000000008002a7a       0x12 ./Drivers/STM32F1xx_HAL_Driver/Src/stm32f1xx_hal_tim.o
                0x0000000008002a7a                HAL_TIM_PWM_MspInit
 .text.HAL_TIM_PWM_Start
                0x0000000008002a8c      0x144 ./Drivers/STM32F1xx_HAL_Driver/Src/stm32f1xx_hal_tim.o
                0x0000000008002a8c                HAL_TIM_PWM_Start
 .text.HAL_TIM_IRQHandler
                0x0000000008002bd0      0x210 ./Drivers/STM32F1xx_HAL_Driver/Src/stm32f1xx_hal_tim.o
                0x0000000008002bd0                HAL_TIM_IRQHandler
 .text.HAL_TIM_PWM_ConfigChannel
                0x0000000008002de0      0x184 ./Drivers/STM32F1xx_HAL_Driver/Src/stm32f1xx_hal_tim.o
                0x0000000008002de0                HAL_TIM_PWM_ConfigChannel
 .text.HAL_TIM_ConfigClockSource
                0x0000000008002f64      0x18e ./Drivers/STM32F1xx_HAL_Driver/Src/stm32f1xx_hal_tim.o
                0x0000000008002f64                HAL_TIM_ConfigClockSource
 .text.HAL_TIM_OC_DelayElapsedCallback
                0x00000000080030f2       0x12 ./Drivers/STM32F1xx_HAL_Driver/Src/stm32f1xx_hal_tim.o
                0x00000000080030f2                HAL_TIM_OC_DelayElapsedCallback
 .text.HAL_TIM_IC_CaptureCallback
                0x0000000008003104       0x12 ./Drivers/STM32F1xx_HAL_Driver/Src/stm32f1xx_hal_tim.o
                0x0000000008003104                HAL_TIM_IC_CaptureCallback
 .text.HAL_TIM_PWM_PulseFinishedCallback
                0x0000000008003116       0x12 ./Drivers/STM32F1xx_HAL_Driver/Src/stm32f1xx_hal_tim.o
                0x0000000008003116                HAL_TIM_PWM_PulseFinishedCallback
 .text.HAL_TIM_TriggerCallback
                0x0000000008003128       0x12 ./Drivers/STM32F1xx_HAL_Driver/Src/stm32f1xx_hal_tim.o
                0x0000000008003128                HAL_TIM_TriggerCallback
 *fill*         0x000000000800313a        0x2 
 .text.TIM_Base_SetConfig
                0x000000000800313c       0xc4 ./Drivers/STM32F1xx_HAL_Driver/Src/stm32f1xx_hal_tim.o
                0x000000000800313c                TIM_Base_SetConfig
 .text.TIM_OC1_SetConfig
                0x0000000008003200       0xcc ./Drivers/STM32F1xx_HAL_Driver/Src/stm32f1xx_hal_tim.o
 .text.TIM_OC2_SetConfig
                0x00000000080032cc       0xd4 ./Drivers/STM32F1xx_HAL_Driver/Src/stm32f1xx_hal_tim.o
                0x00000000080032cc                TIM_OC2_SetConfig
 .text.TIM_OC3_SetConfig
                0x00000000080033a0       0xd4 ./Drivers/STM32F1xx_HAL_Driver/Src/stm32f1xx_hal_tim.o
 .text.TIM_OC4_SetConfig
                0x0000000008003474       0x9c ./Drivers/STM32F1xx_HAL_Driver/Src/stm32f1xx_hal_tim.o
 .text.TIM_TI1_ConfigInputStage
                0x0000000008003510       0x5c ./Drivers/STM32F1xx_HAL_Driver/Src/stm32f1xx_hal_tim.o
 .text.TIM_TI2_ConfigInputStage
                0x000000000800356c       0x5e ./Drivers/STM32F1xx_HAL_Driver/Src/stm32f1xx_hal_tim.o
 .text.TIM_ITRx_SetConfig
                0x00000000080035ca       0x34 ./Drivers/STM32F1xx_HAL_Driver/Src/stm32f1xx_hal_tim.o
 .text.TIM_ETR_SetConfig
                0x00000000080035fe       0x3e ./Drivers/STM32F1xx_HAL_Driver/Src/stm32f1xx_hal_tim.o
                0x00000000080035fe                TIM_ETR_SetConfig
 .text.TIM_CCxChannelCmd
                0x000000000800363c       0x48 ./Drivers/STM32F1xx_HAL_Driver/Src/stm32f1xx_hal_tim.o
                0x000000000800363c                TIM_CCxChannelCmd
 .text.HAL_TIMEx_MasterConfigSynchronization
                0x0000000008003684       0xbc ./Drivers/STM32F1xx_HAL_Driver/Src/stm32f1xx_hal_tim_ex.o
                0x0000000008003684                HAL_TIMEx_MasterConfigSynchronization
 .text.HAL_TIMEx_CommutCallback
                0x0000000008003740       0x12 ./Drivers/STM32F1xx_HAL_Driver/Src/stm32f1xx_hal_tim_ex.o
                0x0000000008003740                HAL_TIMEx_CommutCallback
 .text.HAL_TIMEx_BreakCallback
                0x0000000008003752       0x12 ./Drivers/STM32F1xx_HAL_Driver/Src/stm32f1xx_hal_tim_ex.o
                0x0000000008003752                HAL_TIMEx_BreakCallback
 .text.HAL_UART_Init
                0x0000000008003764       0xa0 ./Drivers/STM32F1xx_HAL_Driver/Src/stm32f1xx_hal_uart.o
                0x0000000008003764                HAL_UART_Init
 .text.HAL_UART_Transmit
                0x0000000008003804      0x106 ./Drivers/STM32F1xx_HAL_Driver/Src/stm32f1xx_hal_uart.o
                0x0000000008003804                HAL_UART_Transmit
 .text.HAL_UART_Receive_IT
                0x000000000800390a       0x4a ./Drivers/STM32F1xx_HAL_Driver/Src/stm32f1xx_hal_uart.o
                0x000000000800390a                HAL_UART_Receive_IT
 .text.HAL_UART_IRQHandler
                0x0000000008003954      0x524 ./Drivers/STM32F1xx_HAL_Driver/Src/stm32f1xx_hal_uart.o
                0x0000000008003954                HAL_UART_IRQHandler
 .text.HAL_UART_TxCpltCallback
                0x0000000008003e78       0x12 ./Drivers/STM32F1xx_HAL_Driver/Src/stm32f1xx_hal_uart.o
                0x0000000008003e78                HAL_UART_TxCpltCallback
 .text.HAL_UART_ErrorCallback
                0x0000000008003e8a       0x12 ./Drivers/STM32F1xx_HAL_Driver/Src/stm32f1xx_hal_uart.o
                0x0000000008003e8a                HAL_UART_ErrorCallback
 .text.HAL_UARTEx_RxEventCallback
                0x0000000008003e9c       0x16 ./Drivers/STM32F1xx_HAL_Driver/Src/stm32f1xx_hal_uart.o
                0x0000000008003e9c                HAL_UARTEx_RxEventCallback
 .text.UART_WaitOnFlagUntilTimeout
                0x0000000008003eb2       0xdc ./Drivers/STM32F1xx_HAL_Driver/Src/stm32f1xx_hal_uart.o
 .text.UART_Start_Receive_IT
                0x0000000008003f8e       0x72 ./Drivers/STM32F1xx_HAL_Driver/Src/stm32f1xx_hal_uart.o
                0x0000000008003f8e                UART_Start_Receive_IT
 .text.UART_EndRxTransfer
                0x0000000008004000       0xc4 ./Drivers/STM32F1xx_HAL_Driver/Src/stm32f1xx_hal_uart.o
 .text.UART_DMAAbortOnError
                0x00000000080040c4       0x28 ./Drivers/STM32F1xx_HAL_Driver/Src/stm32f1xx_hal_uart.o
 .text.UART_Transmit_IT
                0x00000000080040ec       0x9e ./Drivers/STM32F1xx_HAL_Driver/Src/stm32f1xx_hal_uart.o
 .text.UART_EndTransmit_IT
                0x000000000800418a       0x30 ./Drivers/STM32F1xx_HAL_Driver/Src/stm32f1xx_hal_uart.o
 .text.UART_Receive_IT
                0x00000000080041ba      0x17c ./Drivers/STM32F1xx_HAL_Driver/Src/stm32f1xx_hal_uart.o
 *fill*         0x0000000008004336        0x2 
 .text.UART_SetConfig
                0x0000000008004338      0x11c ./Drivers/STM32F1xx_HAL_Driver/Src/stm32f1xx_hal_uart.o
 .text.__errno  0x0000000008004454        0xc e:/btvn/nam 3/vi xu ly/stm32cubeide_1.7.0/stm32cubeide/plugins/com.st.stm32cube.ide.mcu.externaltools.gnu-tools-for-stm32.9-2020-q2-update.win32_2.0.0.202105311346/tools/bin/../lib/gcc/arm-none-eabi/9.3.1/../../../../arm-none-eabi/lib/thumb/v7-m/nofp\libc_nano.a(lib_a-errno.o)
                0x0000000008004454                __errno
 .text.__libc_init_array
                0x0000000008004460       0x48 e:/btvn/nam 3/vi xu ly/stm32cubeide_1.7.0/stm32cubeide/plugins/com.st.stm32cube.ide.mcu.externaltools.gnu-tools-for-stm32.9-2020-q2-update.win32_2.0.0.202105311346/tools/bin/../lib/gcc/arm-none-eabi/9.3.1/../../../../arm-none-eabi/lib/thumb/v7-m/nofp\libc_nano.a(lib_a-init.o)
                0x0000000008004460                __libc_init_array
 .text.memset   0x00000000080044a8       0x10 e:/btvn/nam 3/vi xu ly/stm32cubeide_1.7.0/stm32cubeide/plugins/com.st.stm32cube.ide.mcu.externaltools.gnu-tools-for-stm32.9-2020-q2-update.win32_2.0.0.202105311346/tools/bin/../lib/gcc/arm-none-eabi/9.3.1/../../../../arm-none-eabi/lib/thumb/v7-m/nofp\libc_nano.a(lib_a-memset.o)
                0x00000000080044a8                memset
 .text.sprintf  0x00000000080044b8       0x40 e:/btvn/nam 3/vi xu ly/stm32cubeide_1.7.0/stm32cubeide/plugins/com.st.stm32cube.ide.mcu.externaltools.gnu-tools-for-stm32.9-2020-q2-update.win32_2.0.0.202105311346/tools/bin/../lib/gcc/arm-none-eabi/9.3.1/../../../../arm-none-eabi/lib/thumb/v7-m/nofp\libc_nano.a(lib_a-sprintf.o)
                0x00000000080044b8                siprintf
                0x00000000080044b8                sprintf
 .text.__ssputs_r
                0x00000000080044f8       0xb6 e:/btvn/nam 3/vi xu ly/stm32cubeide_1.7.0/stm32cubeide/plugins/com.st.stm32cube.ide.mcu.externaltools.gnu-tools-for-stm32.9-2020-q2-update.win32_2.0.0.202105311346/tools/bin/../lib/gcc/arm-none-eabi/9.3.1/../../../../arm-none-eabi/lib/thumb/v7-m/nofp\libc_nano.a(lib_a-nano-svfprintf.o)
                0x00000000080044f8                __ssputs_r
 *fill*         0x00000000080045ae        0x2 
 .text._svfprintf_r
                0x00000000080045b0      0x200 e:/btvn/nam 3/vi xu ly/stm32cubeide_1.7.0/stm32cubeide/plugins/com.st.stm32cube.ide.mcu.externaltools.gnu-tools-for-stm32.9-2020-q2-update.win32_2.0.0.202105311346/tools/bin/../lib/gcc/arm-none-eabi/9.3.1/../../../../arm-none-eabi/lib/thumb/v7-m/nofp\libc_nano.a(lib_a-nano-svfprintf.o)
                0x00000000080045b0                _svfiprintf_r
                0x00000000080045b0                _svfprintf_r
 .text._printf_common
                0x00000000080047b0       0xde e:/btvn/nam 3/vi xu ly/stm32cubeide_1.7.0/stm32cubeide/plugins/com.st.stm32cube.ide.mcu.externaltools.gnu-tools-for-stm32.9-2020-q2-update.win32_2.0.0.202105311346/tools/bin/../lib/gcc/arm-none-eabi/9.3.1/../../../../arm-none-eabi/lib/thumb/v7-m/nofp\libc_nano.a(lib_a-nano-vfprintf_i.o)
                0x00000000080047b0                _printf_common
 *fill*         0x000000000800488e        0x2 
 .text._printf_i
                0x0000000008004890      0x24c e:/btvn/nam 3/vi xu ly/stm32cubeide_1.7.0/stm32cubeide/plugins/com.st.stm32cube.ide.mcu.externaltools.gnu-tools-for-stm32.9-2020-q2-update.win32_2.0.0.202105311346/tools/bin/../lib/gcc/arm-none-eabi/9.3.1/../../../../arm-none-eabi/lib/thumb/v7-m/nofp\libc_nano.a(lib_a-nano-vfprintf_i.o)
                0x0000000008004890                _printf_i
 .text.memchr   0x0000000008004adc       0x1c e:/btvn/nam 3/vi xu ly/stm32cubeide_1.7.0/stm32cubeide/plugins/com.st.stm32cube.ide.mcu.externaltools.gnu-tools-for-stm32.9-2020-q2-update.win32_2.0.0.202105311346/tools/bin/../lib/gcc/arm-none-eabi/9.3.1/../../../../arm-none-eabi/lib/thumb/v7-m/nofp\libc_nano.a(lib_a-memchr-stub.o)
                0x0000000008004adc                memchr
 .text.memcpy   0x0000000008004af8       0x1c e:/btvn/nam 3/vi xu ly/stm32cubeide_1.7.0/stm32cubeide/plugins/com.st.stm32cube.ide.mcu.externaltools.gnu-tools-for-stm32.9-2020-q2-update.win32_2.0.0.202105311346/tools/bin/../lib/gcc/arm-none-eabi/9.3.1/../../../../arm-none-eabi/lib/thumb/v7-m/nofp\libc_nano.a(lib_a-memcpy-stub.o)
                0x0000000008004af8                memcpy
 .text.memmove  0x0000000008004b14       0x34 e:/btvn/nam 3/vi xu ly/stm32cubeide_1.7.0/stm32cubeide/plugins/com.st.stm32cube.ide.mcu.externaltools.gnu-tools-for-stm32.9-2020-q2-update.win32_2.0.0.202105311346/tools/bin/../lib/gcc/arm-none-eabi/9.3.1/../../../../arm-none-eabi/lib/thumb/v7-m/nofp\libc_nano.a(lib_a-memmove.o)
                0x0000000008004b14                memmove
 .text._free_r  0x0000000008004b48       0x98 e:/btvn/nam 3/vi xu ly/stm32cubeide_1.7.0/stm32cubeide/plugins/com.st.stm32cube.ide.mcu.externaltools.gnu-tools-for-stm32.9-2020-q2-update.win32_2.0.0.202105311346/tools/bin/../lib/gcc/arm-none-eabi/9.3.1/../../../../arm-none-eabi/lib/thumb/v7-m/nofp\libc_nano.a(lib_a-nano-freer.o)
                0x0000000008004b48                _free_r
 .text._malloc_r
                0x0000000008004be0       0xb4 e:/btvn/nam 3/vi xu ly/stm32cubeide_1.7.0/stm32cubeide/plugins/com.st.stm32cube.ide.mcu.externaltools.gnu-tools-for-stm32.9-2020-q2-update.win32_2.0.0.202105311346/tools/bin/../lib/gcc/arm-none-eabi/9.3.1/../../../../arm-none-eabi/lib/thumb/v7-m/nofp\libc_nano.a(lib_a-nano-mallocr.o)
                0x0000000008004be0                _malloc_r
 .text._realloc_r
                0x0000000008004c94       0x4c e:/btvn/nam 3/vi xu ly/stm32cubeide_1.7.0/stm32cubeide/plugins/com.st.stm32cube.ide.mcu.externaltools.gnu-tools-for-stm32.9-2020-q2-update.win32_2.0.0.202105311346/tools/bin/../lib/gcc/arm-none-eabi/9.3.1/../../../../arm-none-eabi/lib/thumb/v7-m/nofp\libc_nano.a(lib_a-nano-reallocr.o)
                0x0000000008004c94                _realloc_r
 .text._sbrk_r  0x0000000008004ce0       0x20 e:/btvn/nam 3/vi xu ly/stm32cubeide_1.7.0/stm32cubeide/plugins/com.st.stm32cube.ide.mcu.externaltools.gnu-tools-for-stm32.9-2020-q2-update.win32_2.0.0.202105311346/tools/bin/../lib/gcc/arm-none-eabi/9.3.1/../../../../arm-none-eabi/lib/thumb/v7-m/nofp\libc_nano.a(lib_a-sbrkr.o)
                0x0000000008004ce0                _sbrk_r
 .text.__malloc_lock
                0x0000000008004d00        0xc e:/btvn/nam 3/vi xu ly/stm32cubeide_1.7.0/stm32cubeide/plugins/com.st.stm32cube.ide.mcu.externaltools.gnu-tools-for-stm32.9-2020-q2-update.win32_2.0.0.202105311346/tools/bin/../lib/gcc/arm-none-eabi/9.3.1/../../../../arm-none-eabi/lib/thumb/v7-m/nofp\libc_nano.a(lib_a-mlock.o)
                0x0000000008004d00                __malloc_lock
 .text.__malloc_unlock
                0x0000000008004d0c        0xc e:/btvn/nam 3/vi xu ly/stm32cubeide_1.7.0/stm32cubeide/plugins/com.st.stm32cube.ide.mcu.externaltools.gnu-tools-for-stm32.9-2020-q2-update.win32_2.0.0.202105311346/tools/bin/../lib/gcc/arm-none-eabi/9.3.1/../../../../arm-none-eabi/lib/thumb/v7-m/nofp\libc_nano.a(lib_a-mlock.o)
                0x0000000008004d0c                __malloc_unlock
 .text._malloc_usable_size_r
                0x0000000008004d18       0x10 e:/btvn/nam 3/vi xu ly/stm32cubeide_1.7.0/stm32cubeide/plugins/com.st.stm32cube.ide.mcu.externaltools.gnu-tools-for-stm32.9-2020-q2-update.win32_2.0.0.202105311346/tools/bin/../lib/gcc/arm-none-eabi/9.3.1/../../../../arm-none-eabi/lib/thumb/v7-m/nofp\libc_nano.a(lib_a-nano-msizer.o)
                0x0000000008004d18                _malloc_usable_size_r
 .text.__retarget_lock_acquire_recursive
                0x0000000008004d28        0x2 e:/btvn/nam 3/vi xu ly/stm32cubeide_1.7.0/stm32cubeide/plugins/com.st.stm32cube.ide.mcu.externaltools.gnu-tools-for-stm32.9-2020-q2-update.win32_2.0.0.202105311346/tools/bin/../lib/gcc/arm-none-eabi/9.3.1/../../../../arm-none-eabi/lib/thumb/v7-m/nofp\libc_nano.a(lib_a-lock.o)
                0x0000000008004d28                __retarget_lock_acquire_recursive
 .text.__retarget_lock_release_recursive
                0x0000000008004d2a        0x2 e:/btvn/nam 3/vi xu ly/stm32cubeide_1.7.0/stm32cubeide/plugins/com.st.stm32cube.ide.mcu.externaltools.gnu-tools-for-stm32.9-2020-q2-update.win32_2.0.0.202105311346/tools/bin/../lib/gcc/arm-none-eabi/9.3.1/../../../../arm-none-eabi/lib/thumb/v7-m/nofp\libc_nano.a(lib_a-lock.o)
                0x0000000008004d2a                __retarget_lock_release_recursive
 *(.glue_7)
 .glue_7        0x0000000008004d2c        0x0 linker stubs
 *(.glue_7t)
 .glue_7t       0x0000000008004d2c        0x0 linker stubs
 *(.eh_frame)
 .eh_frame      0x0000000008004d2c        0x0 e:/btvn/nam 3/vi xu ly/stm32cubeide_1.7.0/stm32cubeide/plugins/com.st.stm32cube.ide.mcu.externaltools.gnu-tools-for-stm32.9-2020-q2-update.win32_2.0.0.202105311346/tools/bin/../lib/gcc/arm-none-eabi/9.3.1/thumb/v7-m/nofp/crtbegin.o
 *(.init)
 .init          0x0000000008004d2c        0x4 e:/btvn/nam 3/vi xu ly/stm32cubeide_1.7.0/stm32cubeide/plugins/com.st.stm32cube.ide.mcu.externaltools.gnu-tools-for-stm32.9-2020-q2-update.win32_2.0.0.202105311346/tools/bin/../lib/gcc/arm-none-eabi/9.3.1/thumb/v7-m/nofp/crti.o
                0x0000000008004d2c                _init
 .init          0x0000000008004d30        0x8 e:/btvn/nam 3/vi xu ly/stm32cubeide_1.7.0/stm32cubeide/plugins/com.st.stm32cube.ide.mcu.externaltools.gnu-tools-for-stm32.9-2020-q2-update.win32_2.0.0.202105311346/tools/bin/../lib/gcc/arm-none-eabi/9.3.1/thumb/v7-m/nofp/crtn.o
 *(.fini)
 .fini          0x0000000008004d38        0x4 e:/btvn/nam 3/vi xu ly/stm32cubeide_1.7.0/stm32cubeide/plugins/com.st.stm32cube.ide.mcu.externaltools.gnu-tools-for-stm32.9-2020-q2-update.win32_2.0.0.202105311346/tools/bin/../lib/gcc/arm-none-eabi/9.3.1/thumb/v7-m/nofp/crti.o
                0x0000000008004d38                _fini
 .fini          0x0000000008004d3c        0x8 e:/btvn/nam 3/vi xu ly/stm32cubeide_1.7.0/stm32cubeide/plugins/com.st.stm32cube.ide.mcu.externaltools.gnu-tools-for-stm32.9-2020-q2-update.win32_2.0.0.202105311346/tools/bin/../lib/gcc/arm-none-eabi/9.3.1/thumb/v7-m/nofp/crtn.o
                0x0000000008004d44                . = ALIGN (0x4)
                0x0000000008004d44                _etext = .

.vfp11_veneer   0x0000000008004d44        0x0
 .vfp11_veneer  0x0000000008004d44        0x0 linker stubs

.v4_bx          0x0000000008004d44        0x0
 .v4_bx         0x0000000008004d44        0x0 linker stubs

.iplt           0x0000000008004d44        0x0
 .iplt          0x0000000008004d44        0x0 e:/btvn/nam 3/vi xu ly/stm32cubeide_1.7.0/stm32cubeide/plugins/com.st.stm32cube.ide.mcu.externaltools.gnu-tools-for-stm32.9-2020-q2-update.win32_2.0.0.202105311346/tools/bin/../lib/gcc/arm-none-eabi/9.3.1/thumb/v7-m/nofp/crtbegin.o

.rodata         0x0000000008004d44       0xa0
                0x0000000008004d44                . = ALIGN (0x4)
 *(.rodata)
 .rodata        0x0000000008004d44       0x3f ./Core/Src/transfer.o
 *(.rodata*)
 *fill*         0x0000000008004d83        0x1 
 .rodata.AHBPrescTable
                0x0000000008004d84       0x10 ./Core/Src/system_stm32f1xx.o
                0x0000000008004d84                AHBPrescTable
 .rodata.APBPrescTable
                0x0000000008004d94        0x8 ./Core/Src/system_stm32f1xx.o
                0x0000000008004d94                APBPrescTable
 .rodata.aPLLMULFactorTable.6196
                0x0000000008004d9c       0x10 ./Drivers/STM32F1xx_HAL_Driver/Src/stm32f1xx_hal_rcc.o
 .rodata.aPredivFactorTable.6197
                0x0000000008004dac        0x2 ./Drivers/STM32F1xx_HAL_Driver/Src/stm32f1xx_hal_rcc.o
 .rodata._svfprintf_r.str1.1
                0x0000000008004dae       0x11 e:/btvn/nam 3/vi xu ly/stm32cubeide_1.7.0/stm32cubeide/plugins/com.st.stm32cube.ide.mcu.externaltools.gnu-tools-for-stm32.9-2020-q2-update.win32_2.0.0.202105311346/tools/bin/../lib/gcc/arm-none-eabi/9.3.1/../../../../arm-none-eabi/lib/thumb/v7-m/nofp\libc_nano.a(lib_a-nano-svfprintf.o)
 .rodata._printf_i.str1.1
                0x0000000008004dbf       0x22 e:/btvn/nam 3/vi xu ly/stm32cubeide_1.7.0/stm32cubeide/plugins/com.st.stm32cube.ide.mcu.externaltools.gnu-tools-for-stm32.9-2020-q2-update.win32_2.0.0.202105311346/tools/bin/../lib/gcc/arm-none-eabi/9.3.1/../../../../arm-none-eabi/lib/thumb/v7-m/nofp\libc_nano.a(lib_a-nano-vfprintf_i.o)
                0x0000000008004de4                . = ALIGN (0x4)
 *fill*         0x0000000008004de1        0x3 

.rel.dyn        0x0000000008004de4        0x0
 .rel.iplt      0x0000000008004de4        0x0 e:/btvn/nam 3/vi xu ly/stm32cubeide_1.7.0/stm32cubeide/plugins/com.st.stm32cube.ide.mcu.externaltools.gnu-tools-for-stm32.9-2020-q2-update.win32_2.0.0.202105311346/tools/bin/../lib/gcc/arm-none-eabi/9.3.1/thumb/v7-m/nofp/crtbegin.o

.ARM.extab      0x0000000008004de4        0x0
                0x0000000008004de4                . = ALIGN (0x4)
 *(.ARM.extab* .gnu.linkonce.armextab.*)
                0x0000000008004de4                . = ALIGN (0x4)

.ARM            0x0000000008004de4        0x0
                0x0000000008004de4                . = ALIGN (0x4)
                0x0000000008004de4                __exidx_start = .
 *(.ARM.exidx*)
                0x0000000008004de4                __exidx_end = .
                0x0000000008004de4                . = ALIGN (0x4)

.preinit_array  0x0000000008004de4        0x0
                0x0000000008004de4                . = ALIGN (0x4)
                0x0000000008004de4                PROVIDE (__preinit_array_start = .)
 *(.preinit_array*)
                0x0000000008004de4                PROVIDE (__preinit_array_end = .)
                0x0000000008004de4                . = ALIGN (0x4)

.init_array     0x0000000008004de4        0x4
                0x0000000008004de4                . = ALIGN (0x4)
                0x0000000008004de4                PROVIDE (__init_array_start = .)
 *(SORT_BY_NAME(.init_array.*))
 *(.init_array*)
 .init_array    0x0000000008004de4        0x4 e:/btvn/nam 3/vi xu ly/stm32cubeide_1.7.0/stm32cubeide/plugins/com.st.stm32cube.ide.mcu.externaltools.gnu-tools-for-stm32.9-2020-q2-update.win32_2.0.0.202105311346/tools/bin/../lib/gcc/arm-none-eabi/9.3.1/thumb/v7-m/nofp/crtbegin.o
                0x0000000008004de8                PROVIDE (__init_array_end = .)
                0x0000000008004de8                . = ALIGN (0x4)

.fini_array     0x0000000008004de8        0x4
                0x0000000008004de8                . = ALIGN (0x4)
                [!provide]                        PROVIDE (__fini_array_start = .)
 *(SORT_BY_NAME(.fini_array.*))
 *(.fini_array*)
 .fini_array    0x0000000008004de8        0x4 e:/btvn/nam 3/vi xu ly/stm32cubeide_1.7.0/stm32cubeide/plugins/com.st.stm32cube.ide.mcu.externaltools.gnu-tools-for-stm32.9-2020-q2-update.win32_2.0.0.202105311346/tools/bin/../lib/gcc/arm-none-eabi/9.3.1/thumb/v7-m/nofp/crtbegin.o
                [!provide]                        PROVIDE (__fini_array_end = .)
                0x0000000008004dec                . = ALIGN (0x4)
                0x0000000008004dec                _sidata = LOADADDR (.data)

.data           0x0000000020000000       0xc4 load address 0x0000000008004dec
                0x0000000020000000                . = ALIGN (0x4)
                0x0000000020000000                _sdata = .
 *(.data)
 *(.data*)
 .data.BUTTON_PORT
                0x0000000020000000       0x10 ./Core/Src/button.o
                0x0000000020000000                BUTTON_PORT
 .data.BUTTON_PIN
                0x0000000020000010        0x8 ./Core/Src/button.o
                0x0000000020000010                BUTTON_PIN
 .data.LED_STATE
                0x0000000020000018        0x8 ./Core/Src/global_vars.o
                0x0000000020000018                LED_STATE
 .data.MODE     0x0000000020000020        0x4 ./Core/Src/global_vars.o
                0x0000000020000020                MODE
 .data.RED_DURATION
                0x0000000020000024        0x4 ./Core/Src/global_vars.o
                0x0000000020000024                RED_DURATION
 .data.YELLOW_DURATION
                0x0000000020000028        0x4 ./Core/Src/global_vars.o
                0x0000000020000028                YELLOW_DURATION
 .data.GREEN_DURATION
                0x000000002000002c        0x4 ./Core/Src/global_vars.o
                0x000000002000002c                GREEN_DURATION
 .data.RED_INNIT
                0x0000000020000030        0x4 ./Core/Src/global_vars.o
                0x0000000020000030                RED_INNIT
 .data.YELLOW_INNIT
                0x0000000020000034        0x4 ./Core/Src/global_vars.o
                0x0000000020000034                YELLOW_INNIT
 .data.GREEN_INNIT
                0x0000000020000038        0x4 ./Core/Src/global_vars.o
                0x0000000020000038                GREEN_INNIT
 .data.PEDESTRIAN_DURATION
                0x000000002000003c        0x4 ./Core/Src/global_vars.o
                0x000000002000003c                PEDESTRIAN_DURATION
 .data.temp     0x0000000020000040       0x14 ./Core/Src/main.o
                0x0000000020000040                temp
 .data.SystemCoreClock
                0x0000000020000054        0x4 ./Core/Src/system_stm32f1xx.o
                0x0000000020000054                SystemCoreClock
 .data.uwTickPrio
                0x0000000020000058        0x4 ./Drivers/STM32F1xx_HAL_Driver/Src/stm32f1xx_hal.o
                0x0000000020000058                uwTickPrio
 .data.uwTickFreq
                0x000000002000005c        0x1 ./Drivers/STM32F1xx_HAL_Driver/Src/stm32f1xx_hal.o
                0x000000002000005c                uwTickFreq
 *fill*         0x000000002000005d        0x3 
 .data._impure_ptr
                0x0000000020000060        0x4 e:/btvn/nam 3/vi xu ly/stm32cubeide_1.7.0/stm32cubeide/plugins/com.st.stm32cube.ide.mcu.externaltools.gnu-tools-for-stm32.9-2020-q2-update.win32_2.0.0.202105311346/tools/bin/../lib/gcc/arm-none-eabi/9.3.1/../../../../arm-none-eabi/lib/thumb/v7-m/nofp\libc_nano.a(lib_a-impure.o)
                0x0000000020000060                _impure_ptr
 .data.impure_data
                0x0000000020000064       0x60 e:/btvn/nam 3/vi xu ly/stm32cubeide_1.7.0/stm32cubeide/plugins/com.st.stm32cube.ide.mcu.externaltools.gnu-tools-for-stm32.9-2020-q2-update.win32_2.0.0.202105311346/tools/bin/../lib/gcc/arm-none-eabi/9.3.1/../../../../arm-none-eabi/lib/thumb/v7-m/nofp\libc_nano.a(lib_a-impure.o)
 *(.RamFunc)
 *(.RamFunc*)
                0x00000000200000c4                . = ALIGN (0x4)
                0x00000000200000c4                _edata = .

.igot.plt       0x00000000200000c4        0x0 load address 0x0000000008004eb0
 .igot.plt      0x00000000200000c4        0x0 e:/btvn/nam 3/vi xu ly/stm32cubeide_1.7.0/stm32cubeide/plugins/com.st.stm32cube.ide.mcu.externaltools.gnu-tools-for-stm32.9-2020-q2-update.win32_2.0.0.202105311346/tools/bin/../lib/gcc/arm-none-eabi/9.3.1/thumb/v7-m/nofp/crtbegin.o
                0x00000000200000c4                . = ALIGN (0x4)

.bss            0x00000000200000c4      0x234 load address 0x0000000008004eb0
                0x00000000200000c4                _sbss = .
                0x00000000200000c4                __bss_start__ = _sbss
 *(.bss)
 .bss           0x00000000200000c4       0x1c e:/btvn/nam 3/vi xu ly/stm32cubeide_1.7.0/stm32cubeide/plugins/com.st.stm32cube.ide.mcu.externaltools.gnu-tools-for-stm32.9-2020-q2-update.win32_2.0.0.202105311346/tools/bin/../lib/gcc/arm-none-eabi/9.3.1/thumb/v7-m/nofp/crtbegin.o
 *(.bss*)
 .bss.tempDuration
                0x00000000200000e0        0x4 ./Core/Src/fsm_manual.o
                0x00000000200000e0                tempDuration
 .bss.PEDESTRIAN_MODE
                0x00000000200000e4        0x4 ./Core/Src/global_vars.o
                0x00000000200000e4                PEDESTRIAN_MODE
 .bss.__sbrk_heap_end
                0x00000000200000e8        0x4 ./Core/Src/sysmem.o
 .bss.__malloc_free_list
                0x00000000200000ec        0x4 e:/btvn/nam 3/vi xu ly/stm32cubeide_1.7.0/stm32cubeide/plugins/com.st.stm32cube.ide.mcu.externaltools.gnu-tools-for-stm32.9-2020-q2-update.win32_2.0.0.202105311346/tools/bin/../lib/gcc/arm-none-eabi/9.3.1/../../../../arm-none-eabi/lib/thumb/v7-m/nofp\libc_nano.a(lib_a-nano-mallocr.o)
                0x00000000200000ec                __malloc_free_list
 .bss.__malloc_sbrk_start
                0x00000000200000f0        0x4 e:/btvn/nam 3/vi xu ly/stm32cubeide_1.7.0/stm32cubeide/plugins/com.st.stm32cube.ide.mcu.externaltools.gnu-tools-for-stm32.9-2020-q2-update.win32_2.0.0.202105311346/tools/bin/../lib/gcc/arm-none-eabi/9.3.1/../../../../arm-none-eabi/lib/thumb/v7-m/nofp\libc_nano.a(lib_a-nano-mallocr.o)
                0x00000000200000f0                __malloc_sbrk_start
 *(COMMON)
 COMMON         0x00000000200000f4      0x1f0 ./Core/Src/button.o
                0x00000000200000f4                timer
                0x000000002000011c                huart3
                0x0000000020000164                info2
                0x0000000020000178                button
                0x00000000200001f8                htim3
                0x0000000020000240                info1
                0x0000000020000254                htim2
                0x000000002000029c                huart2
 COMMON         0x00000000200002e4        0x4 ./Drivers/STM32F1xx_HAL_Driver/Src/stm32f1xx_hal.o
                0x00000000200002e4                uwTick
 COMMON         0x00000000200002e8        0x4 e:/btvn/nam 3/vi xu ly/stm32cubeide_1.7.0/stm32cubeide/plugins/com.st.stm32cube.ide.mcu.externaltools.gnu-tools-for-stm32.9-2020-q2-update.win32_2.0.0.202105311346/tools/bin/../lib/gcc/arm-none-eabi/9.3.1/../../../../arm-none-eabi/lib/thumb/v7-m/nofp\libc_nano.a(lib_a-reent.o)
                0x00000000200002e8                errno
 COMMON         0x00000000200002ec        0x9 e:/btvn/nam 3/vi xu ly/stm32cubeide_1.7.0/stm32cubeide/plugins/com.st.stm32cube.ide.mcu.externaltools.gnu-tools-for-stm32.9-2020-q2-update.win32_2.0.0.202105311346/tools/bin/../lib/gcc/arm-none-eabi/9.3.1/../../../../arm-none-eabi/lib/thumb/v7-m/nofp\libc_nano.a(lib_a-lock.o)
                0x00000000200002ec                __lock___atexit_recursive_mutex
                0x00000000200002ed                __lock___arc4random_mutex
                0x00000000200002ee                __lock___env_recursive_mutex
                0x00000000200002ef                __lock___sinit_recursive_mutex
                0x00000000200002f0                __lock___malloc_recursive_mutex
                0x00000000200002f1                __lock___at_quick_exit_mutex
                0x00000000200002f2                __lock___dd_hash_mutex
                0x00000000200002f3                __lock___tz_mutex
                0x00000000200002f4                __lock___sfp_recursive_mutex
                0x00000000200002f8                . = ALIGN (0x4)
 *fill*         0x00000000200002f5        0x3 
                0x00000000200002f8                _ebss = .
                0x00000000200002f8                __bss_end__ = _ebss

._user_heap_stack
                0x00000000200002f8      0x600 load address 0x0000000008004eb0
                0x00000000200002f8                . = ALIGN (0x8)
                [!provide]                        PROVIDE (end = .)
                0x00000000200002f8                PROVIDE (_end = .)
                0x00000000200004f8                . = (. + _Min_Heap_Size)
 *fill*         0x00000000200002f8      0x200 
                0x00000000200008f8                . = (. + _Min_Stack_Size)
 *fill*         0x00000000200004f8      0x400 
                0x00000000200008f8                . = ALIGN (0x8)

/DISCARD/
 libc.a(*)
 libm.a(*)
 libgcc.a(*)

.ARM.attributes
                0x0000000000000000       0x29
 *(.ARM.attributes)
 .ARM.attributes
                0x0000000000000000       0x1d e:/btvn/nam 3/vi xu ly/stm32cubeide_1.7.0/stm32cubeide/plugins/com.st.stm32cube.ide.mcu.externaltools.gnu-tools-for-stm32.9-2020-q2-update.win32_2.0.0.202105311346/tools/bin/../lib/gcc/arm-none-eabi/9.3.1/thumb/v7-m/nofp/crti.o
 .ARM.attributes
                0x000000000000001d       0x2d e:/btvn/nam 3/vi xu ly/stm32cubeide_1.7.0/stm32cubeide/plugins/com.st.stm32cube.ide.mcu.externaltools.gnu-tools-for-stm32.9-2020-q2-update.win32_2.0.0.202105311346/tools/bin/../lib/gcc/arm-none-eabi/9.3.1/thumb/v7-m/nofp/crtbegin.o
 .ARM.attributes
                0x000000000000004a       0x2d ./Core/Src/button.o
 .ARM.attributes
                0x0000000000000077       0x2d ./Core/Src/fsm_auto.o
 .ARM.attributes
                0x00000000000000a4       0x2d ./Core/Src/fsm_manual.o
 .ARM.attributes
                0x00000000000000d1       0x33 ./Core/Src/global_vars.o
 .ARM.attributes
                0x0000000000000104       0x2d ./Core/Src/main.o
 .ARM.attributes
                0x0000000000000131       0x2d ./Core/Src/pedestrian.o
 .ARM.attributes
                0x000000000000015e       0x2d ./Core/Src/stm32f1xx_hal_msp.o
 .ARM.attributes
                0x000000000000018b       0x2d ./Core/Src/stm32f1xx_it.o
 .ARM.attributes
                0x00000000000001b8       0x2d ./Core/Src/sysmem.o
 .ARM.attributes
                0x00000000000001e5       0x2d ./Core/Src/system_stm32f1xx.o
 .ARM.attributes
                0x0000000000000212       0x2d ./Core/Src/timer.o
 .ARM.attributes
                0x000000000000023f       0x2d ./Core/Src/traffic_light.o
 .ARM.attributes
                0x000000000000026c       0x2d ./Core/Src/transfer.o
 .ARM.attributes
                0x0000000000000299       0x21 ./Core/Startup/startup_stm32f103rbtx.o
 .ARM.attributes
                0x00000000000002ba       0x2d ./Drivers/STM32F1xx_HAL_Driver/Src/stm32f1xx_hal.o
 .ARM.attributes
                0x00000000000002e7       0x2d ./Drivers/STM32F1xx_HAL_Driver/Src/stm32f1xx_hal_cortex.o
 .ARM.attributes
                0x0000000000000314       0x2d ./Drivers/STM32F1xx_HAL_Driver/Src/stm32f1xx_hal_dma.o
 .ARM.attributes
                0x0000000000000341       0x2d ./Drivers/STM32F1xx_HAL_Driver/Src/stm32f1xx_hal_gpio.o
 .ARM.attributes
                0x000000000000036e       0x2d ./Drivers/STM32F1xx_HAL_Driver/Src/stm32f1xx_hal_rcc.o
 .ARM.attributes
                0x000000000000039b       0x2d ./Drivers/STM32F1xx_HAL_Driver/Src/stm32f1xx_hal_tim.o
 .ARM.attributes
                0x00000000000003c8       0x2d ./Drivers/STM32F1xx_HAL_Driver/Src/stm32f1xx_hal_tim_ex.o
 .ARM.attributes
                0x00000000000003f5       0x2d ./Drivers/STM32F1xx_HAL_Driver/Src/stm32f1xx_hal_uart.o
 .ARM.attributes
                0x0000000000000422       0x2d e:/btvn/nam 3/vi xu ly/stm32cubeide_1.7.0/stm32cubeide/plugins/com.st.stm32cube.ide.mcu.externaltools.gnu-tools-for-stm32.9-2020-q2-update.win32_2.0.0.202105311346/tools/bin/../lib/gcc/arm-none-eabi/9.3.1/../../../../arm-none-eabi/lib/thumb/v7-m/nofp\libc_nano.a(lib_a-errno.o)
 .ARM.attributes
                0x000000000000044f       0x2d e:/btvn/nam 3/vi xu ly/stm32cubeide_1.7.0/stm32cubeide/plugins/com.st.stm32cube.ide.mcu.externaltools.gnu-tools-for-stm32.9-2020-q2-update.win32_2.0.0.202105311346/tools/bin/../lib/gcc/arm-none-eabi/9.3.1/../../../../arm-none-eabi/lib/thumb/v7-m/nofp\libc_nano.a(lib_a-impure.o)
 .ARM.attributes
                0x000000000000047c       0x2d e:/btvn/nam 3/vi xu ly/stm32cubeide_1.7.0/stm32cubeide/plugins/com.st.stm32cube.ide.mcu.externaltools.gnu-tools-for-stm32.9-2020-q2-update.win32_2.0.0.202105311346/tools/bin/../lib/gcc/arm-none-eabi/9.3.1/../../../../arm-none-eabi/lib/thumb/v7-m/nofp\libc_nano.a(lib_a-init.o)
 .ARM.attributes
                0x00000000000004a9       0x2d e:/btvn/nam 3/vi xu ly/stm32cubeide_1.7.0/stm32cubeide/plugins/com.st.stm32cube.ide.mcu.externaltools.gnu-tools-for-stm32.9-2020-q2-update.win32_2.0.0.202105311346/tools/bin/../lib/gcc/arm-none-eabi/9.3.1/../../../../arm-none-eabi/lib/thumb/v7-m/nofp\libc_nano.a(lib_a-memset.o)
 .ARM.attributes
                0x00000000000004d6       0x2d e:/btvn/nam 3/vi xu ly/stm32cubeide_1.7.0/stm32cubeide/plugins/com.st.stm32cube.ide.mcu.externaltools.gnu-tools-for-stm32.9-2020-q2-update.win32_2.0.0.202105311346/tools/bin/../lib/gcc/arm-none-eabi/9.3.1/../../../../arm-none-eabi/lib/thumb/v7-m/nofp\libc_nano.a(lib_a-sprintf.o)
 .ARM.attributes
                0x0000000000000503       0x2d e:/btvn/nam 3/vi xu ly/stm32cubeide_1.7.0/stm32cubeide/plugins/com.st.stm32cube.ide.mcu.externaltools.gnu-tools-for-stm32.9-2020-q2-update.win32_2.0.0.202105311346/tools/bin/../lib/gcc/arm-none-eabi/9.3.1/../../../../arm-none-eabi/lib/thumb/v7-m/nofp\libc_nano.a(lib_a-nano-svfprintf.o)
 .ARM.attributes
                0x0000000000000530       0x2d e:/btvn/nam 3/vi xu ly/stm32cubeide_1.7.0/stm32cubeide/plugins/com.st.stm32cube.ide.mcu.externaltools.gnu-tools-for-stm32.9-2020-q2-update.win32_2.0.0.202105311346/tools/bin/../lib/gcc/arm-none-eabi/9.3.1/../../../../arm-none-eabi/lib/thumb/v7-m/nofp\libc_nano.a(lib_a-nano-vfprintf_i.o)
 .ARM.attributes
                0x000000000000055d       0x2d e:/btvn/nam 3/vi xu ly/stm32cubeide_1.7.0/stm32cubeide/plugins/com.st.stm32cube.ide.mcu.externaltools.gnu-tools-for-stm32.9-2020-q2-update.win32_2.0.0.202105311346/tools/bin/../lib/gcc/arm-none-eabi/9.3.1/../../../../arm-none-eabi/lib/thumb/v7-m/nofp\libc_nano.a(lib_a-memchr-stub.o)
 .ARM.attributes
                0x000000000000058a       0x2d e:/btvn/nam 3/vi xu ly/stm32cubeide_1.7.0/stm32cubeide/plugins/com.st.stm32cube.ide.mcu.externaltools.gnu-tools-for-stm32.9-2020-q2-update.win32_2.0.0.202105311346/tools/bin/../lib/gcc/arm-none-eabi/9.3.1/../../../../arm-none-eabi/lib/thumb/v7-m/nofp\libc_nano.a(lib_a-memcpy-stub.o)
 .ARM.attributes
                0x00000000000005b7       0x2d e:/btvn/nam 3/vi xu ly/stm32cubeide_1.7.0/stm32cubeide/plugins/com.st.stm32cube.ide.mcu.externaltools.gnu-tools-for-stm32.9-2020-q2-update.win32_2.0.0.202105311346/tools/bin/../lib/gcc/arm-none-eabi/9.3.1/../../../../arm-none-eabi/lib/thumb/v7-m/nofp\libc_nano.a(lib_a-memmove.o)
 .ARM.attributes
                0x00000000000005e4       0x2d e:/btvn/nam 3/vi xu ly/stm32cubeide_1.7.0/stm32cubeide/plugins/com.st.stm32cube.ide.mcu.externaltools.gnu-tools-for-stm32.9-2020-q2-update.win32_2.0.0.202105311346/tools/bin/../lib/gcc/arm-none-eabi/9.3.1/../../../../arm-none-eabi/lib/thumb/v7-m/nofp\libc_nano.a(lib_a-nano-freer.o)
 .ARM.attributes
                0x0000000000000611       0x2d e:/btvn/nam 3/vi xu ly/stm32cubeide_1.7.0/stm32cubeide/plugins/com.st.stm32cube.ide.mcu.externaltools.gnu-tools-for-stm32.9-2020-q2-update.win32_2.0.0.202105311346/tools/bin/../lib/gcc/arm-none-eabi/9.3.1/../../../../arm-none-eabi/lib/thumb/v7-m/nofp\libc_nano.a(lib_a-nano-mallocr.o)
 .ARM.attributes
                0x000000000000063e       0x2d e:/btvn/nam 3/vi xu ly/stm32cubeide_1.7.0/stm32cubeide/plugins/com.st.stm32cube.ide.mcu.externaltools.gnu-tools-for-stm32.9-2020-q2-update.win32_2.0.0.202105311346/tools/bin/../lib/gcc/arm-none-eabi/9.3.1/../../../../arm-none-eabi/lib/thumb/v7-m/nofp\libc_nano.a(lib_a-nano-reallocr.o)
 .ARM.attributes
                0x000000000000066b       0x2d e:/btvn/nam 3/vi xu ly/stm32cubeide_1.7.0/stm32cubeide/plugins/com.st.stm32cube.ide.mcu.externaltools.gnu-tools-for-stm32.9-2020-q2-update.win32_2.0.0.202105311346/tools/bin/../lib/gcc/arm-none-eabi/9.3.1/../../../../arm-none-eabi/lib/thumb/v7-m/nofp\libc_nano.a(lib_a-sbrkr.o)
 .ARM.attributes
                0x0000000000000698       0x2d e:/btvn/nam 3/vi xu ly/stm32cubeide_1.7.0/stm32cubeide/plugins/com.st.stm32cube.ide.mcu.externaltools.gnu-tools-for-stm32.9-2020-q2-update.win32_2.0.0.202105311346/tools/bin/../lib/gcc/arm-none-eabi/9.3.1/../../../../arm-none-eabi/lib/thumb/v7-m/nofp\libc_nano.a(lib_a-mlock.o)
 .ARM.attributes
                0x00000000000006c5       0x2d e:/btvn/nam 3/vi xu ly/stm32cubeide_1.7.0/stm32cubeide/plugins/com.st.stm32cube.ide.mcu.externaltools.gnu-tools-for-stm32.9-2020-q2-update.win32_2.0.0.202105311346/tools/bin/../lib/gcc/arm-none-eabi/9.3.1/../../../../arm-none-eabi/lib/thumb/v7-m/nofp\libc_nano.a(lib_a-nano-msizer.o)
 .ARM.attributes
                0x00000000000006f2       0x2d e:/btvn/nam 3/vi xu ly/stm32cubeide_1.7.0/stm32cubeide/plugins/com.st.stm32cube.ide.mcu.externaltools.gnu-tools-for-stm32.9-2020-q2-update.win32_2.0.0.202105311346/tools/bin/../lib/gcc/arm-none-eabi/9.3.1/../../../../arm-none-eabi/lib/thumb/v7-m/nofp\libc_nano.a(lib_a-reent.o)
 .ARM.attributes
                0x000000000000071f       0x2d e:/btvn/nam 3/vi xu ly/stm32cubeide_1.7.0/stm32cubeide/plugins/com.st.stm32cube.ide.mcu.externaltools.gnu-tools-for-stm32.9-2020-q2-update.win32_2.0.0.202105311346/tools/bin/../lib/gcc/arm-none-eabi/9.3.1/../../../../arm-none-eabi/lib/thumb/v7-m/nofp\libc_nano.a(lib_a-lock.o)
 .ARM.attributes
                0x000000000000074c       0x1d e:/btvn/nam 3/vi xu ly/stm32cubeide_1.7.0/stm32cubeide/plugins/com.st.stm32cube.ide.mcu.externaltools.gnu-tools-for-stm32.9-2020-q2-update.win32_2.0.0.202105311346/tools/bin/../lib/gcc/arm-none-eabi/9.3.1/thumb/v7-m/nofp/crtn.o
OUTPUT(super_traffic_light.elf elf32-littlearm)
LOAD linker stubs
LOAD e:/btvn/nam 3/vi xu ly/stm32cubeide_1.7.0/stm32cubeide/plugins/com.st.stm32cube.ide.mcu.externaltools.gnu-tools-for-stm32.9-2020-q2-update.win32_2.0.0.202105311346/tools/bin/../lib/gcc/arm-none-eabi/9.3.1/../../../../arm-none-eabi/lib/thumb/v7-m/nofp\libc.a
LOAD e:/btvn/nam 3/vi xu ly/stm32cubeide_1.7.0/stm32cubeide/plugins/com.st.stm32cube.ide.mcu.externaltools.gnu-tools-for-stm32.9-2020-q2-update.win32_2.0.0.202105311346/tools/bin/../lib/gcc/arm-none-eabi/9.3.1/../../../../arm-none-eabi/lib/thumb/v7-m/nofp\libm.a
LOAD e:/btvn/nam 3/vi xu ly/stm32cubeide_1.7.0/stm32cubeide/plugins/com.st.stm32cube.ide.mcu.externaltools.gnu-tools-for-stm32.9-2020-q2-update.win32_2.0.0.202105311346/tools/bin/../lib/gcc/arm-none-eabi/9.3.1/thumb/v7-m/nofp\libgcc.a

.debug_info     0x0000000000000000    0x18773
 .debug_info    0x0000000000000000     0x1588 ./Core/Src/button.o
 .debug_info    0x0000000000001588     0x14c1 ./Core/Src/fsm_auto.o
 .debug_info    0x0000000000002a49     0x14ce ./Core/Src/fsm_manual.o
 .debug_info    0x0000000000003f17     0x1503 ./Core/Src/global_vars.o
 .debug_info    0x000000000000541a     0x19ea ./Core/Src/main.o
 .debug_info    0x0000000000006e04     0x14a5 ./Core/Src/pedestrian.o
 .debug_info    0x00000000000082a9     0x18e7 ./Core/Src/stm32f1xx_hal_msp.o
 .debug_info    0x0000000000009b90     0x1533 ./Core/Src/stm32f1xx_it.o
 .debug_info    0x000000000000b0c3      0xa25 ./Core/Src/sysmem.o
 .debug_info    0x000000000000bae8      0x2be ./Core/Src/system_stm32f1xx.o
 .debug_info    0x000000000000bda6      0x147 ./Core/Src/timer.o
 .debug_info    0x000000000000beed     0x153e ./Core/Src/traffic_light.o
 .debug_info    0x000000000000d42b     0x14a9 ./Core/Src/transfer.o
 .debug_info    0x000000000000e8d4       0x22 ./Core/Startup/startup_stm32f103rbtx.o
 .debug_info    0x000000000000e8f6      0x76a ./Drivers/STM32F1xx_HAL_Driver/Src/stm32f1xx_hal.o
 .debug_info    0x000000000000f060      0xbdc ./Drivers/STM32F1xx_HAL_Driver/Src/stm32f1xx_hal_cortex.o
 .debug_info    0x000000000000fc3c      0x823 ./Drivers/STM32F1xx_HAL_Driver/Src/stm32f1xx_hal_dma.o
 .debug_info    0x000000000001045f      0x701 ./Drivers/STM32F1xx_HAL_Driver/Src/stm32f1xx_hal_gpio.o
 .debug_info    0x0000000000010b60      0x893 ./Drivers/STM32F1xx_HAL_Driver/Src/stm32f1xx_hal_rcc.o
 .debug_info    0x00000000000113f3     0x2c12 ./Drivers/STM32F1xx_HAL_Driver/Src/stm32f1xx_hal_tim.o
 .debug_info    0x0000000000014005     0x157f ./Drivers/STM32F1xx_HAL_Driver/Src/stm32f1xx_hal_tim_ex.o
 .debug_info    0x0000000000015584     0x31ef ./Drivers/STM32F1xx_HAL_Driver/Src/stm32f1xx_hal_uart.o

.debug_abbrev   0x0000000000000000     0x2d92
 .debug_abbrev  0x0000000000000000      0x262 ./Core/Src/button.o
 .debug_abbrev  0x0000000000000262      0x217 ./Core/Src/fsm_auto.o
 .debug_abbrev  0x0000000000000479      0x21e ./Core/Src/fsm_manual.o
 .debug_abbrev  0x0000000000000697      0x1dd ./Core/Src/global_vars.o
 .debug_abbrev  0x0000000000000874      0x31b ./Core/Src/main.o
 .debug_abbrev  0x0000000000000b8f      0x217 ./Core/Src/pedestrian.o
 .debug_abbrev  0x0000000000000da6      0x247 ./Core/Src/stm32f1xx_hal_msp.o
 .debug_abbrev  0x0000000000000fed      0x206 ./Core/Src/stm32f1xx_it.o
 .debug_abbrev  0x00000000000011f3      0x1bf ./Core/Src/sysmem.o
 .debug_abbrev  0x00000000000013b2      0x14e ./Core/Src/system_stm32f1xx.o
 .debug_abbrev  0x0000000000001500      0x11e ./Core/Src/timer.o
 .debug_abbrev  0x000000000000161e      0x222 ./Core/Src/traffic_light.o
 .debug_abbrev  0x0000000000001840      0x20e ./Core/Src/transfer.o
 .debug_abbrev  0x0000000000001a4e       0x12 ./Core/Startup/startup_stm32f103rbtx.o
 .debug_abbrev  0x0000000000001a60      0x1ed ./Drivers/STM32F1xx_HAL_Driver/Src/stm32f1xx_hal.o
 .debug_abbrev  0x0000000000001c4d      0x313 ./Drivers/STM32F1xx_HAL_Driver/Src/stm32f1xx_hal_cortex.o
 .debug_abbrev  0x0000000000001f60      0x228 ./Drivers/STM32F1xx_HAL_Driver/Src/stm32f1xx_hal_dma.o
 .debug_abbrev  0x0000000000002188      0x1e8 ./Drivers/STM32F1xx_HAL_Driver/Src/stm32f1xx_hal_gpio.o
 .debug_abbrev  0x0000000000002370      0x273 ./Drivers/STM32F1xx_HAL_Driver/Src/stm32f1xx_hal_rcc.o
 .debug_abbrev  0x00000000000025e3      0x25e ./Drivers/STM32F1xx_HAL_Driver/Src/stm32f1xx_hal_tim.o
 .debug_abbrev  0x0000000000002841      0x266 ./Drivers/STM32F1xx_HAL_Driver/Src/stm32f1xx_hal_tim_ex.o
 .debug_abbrev  0x0000000000002aa7      0x2eb ./Drivers/STM32F1xx_HAL_Driver/Src/stm32f1xx_hal_uart.o

.debug_aranges  0x0000000000000000      0xd88
 .debug_aranges
                0x0000000000000000       0x48 ./Core/Src/button.o
 .debug_aranges
                0x0000000000000048       0x20 ./Core/Src/fsm_auto.o
 .debug_aranges
                0x0000000000000068       0x28 ./Core/Src/fsm_manual.o
 .debug_aranges
                0x0000000000000090       0x18 ./Core/Src/global_vars.o
 .debug_aranges
                0x00000000000000a8       0x68 ./Core/Src/main.o
 .debug_aranges
                0x0000000000000110       0x28 ./Core/Src/pedestrian.o
 .debug_aranges
                0x0000000000000138       0x48 ./Core/Src/stm32f1xx_hal_msp.o
 .debug_aranges
                0x0000000000000180       0x70 ./Core/Src/stm32f1xx_it.o
 .debug_aranges
                0x00000000000001f0       0x20 ./Core/Src/sysmem.o
 .debug_aranges
                0x0000000000000210       0x28 ./Core/Src/system_stm32f1xx.o
 .debug_aranges
                0x0000000000000238       0x48 ./Core/Src/timer.o
 .debug_aranges
                0x0000000000000280       0x38 ./Core/Src/traffic_light.o
 .debug_aranges
                0x00000000000002b8       0x20 ./Core/Src/transfer.o
 .debug_aranges
                0x00000000000002d8       0x28 ./Core/Startup/startup_stm32f103rbtx.o
 .debug_aranges
                0x0000000000000300       0xe0 ./Drivers/STM32F1xx_HAL_Driver/Src/stm32f1xx_hal.o
 .debug_aranges
                0x00000000000003e0      0x100 ./Drivers/STM32F1xx_HAL_Driver/Src/stm32f1xx_hal_cortex.o
 .debug_aranges
                0x00000000000004e0       0x80 ./Drivers/STM32F1xx_HAL_Driver/Src/stm32f1xx_hal_dma.o
 .debug_aranges
                0x0000000000000560       0x58 ./Drivers/STM32F1xx_HAL_Driver/Src/stm32f1xx_hal_gpio.o
 .debug_aranges
                0x00000000000005b8       0x90 ./Drivers/STM32F1xx_HAL_Driver/Src/stm32f1xx_hal_rcc.o
 .debug_aranges
                0x0000000000000648      0x3d0 ./Drivers/STM32F1xx_HAL_Driver/Src/stm32f1xx_hal_tim.o
 .debug_aranges
                0x0000000000000a18      0x168 ./Drivers/STM32F1xx_HAL_Driver/Src/stm32f1xx_hal_tim_ex.o
 .debug_aranges
                0x0000000000000b80      0x208 ./Drivers/STM32F1xx_HAL_Driver/Src/stm32f1xx_hal_uart.o

.debug_ranges   0x0000000000000000      0xc58
 .debug_ranges  0x0000000000000000       0x38 ./Core/Src/button.o
 .debug_ranges  0x0000000000000038       0x10 ./Core/Src/fsm_auto.o
 .debug_ranges  0x0000000000000048       0x18 ./Core/Src/fsm_manual.o
 .debug_ranges  0x0000000000000060       0x58 ./Core/Src/main.o
 .debug_ranges  0x00000000000000b8       0x18 ./Core/Src/pedestrian.o
 .debug_ranges  0x00000000000000d0       0x38 ./Core/Src/stm32f1xx_hal_msp.o
 .debug_ranges  0x0000000000000108       0x60 ./Core/Src/stm32f1xx_it.o
 .debug_ranges  0x0000000000000168       0x10 ./Core/Src/sysmem.o
 .debug_ranges  0x0000000000000178       0x18 ./Core/Src/system_stm32f1xx.o
 .debug_ranges  0x0000000000000190       0x38 ./Core/Src/timer.o
 .debug_ranges  0x00000000000001c8       0x28 ./Core/Src/traffic_light.o
 .debug_ranges  0x00000000000001f0       0x10 ./Core/Src/transfer.o
 .debug_ranges  0x0000000000000200       0x20 ./Core/Startup/startup_stm32f103rbtx.o
 .debug_ranges  0x0000000000000220       0xd0 ./Drivers/STM32F1xx_HAL_Driver/Src/stm32f1xx_hal.o
 .debug_ranges  0x00000000000002f0       0xf0 ./Drivers/STM32F1xx_HAL_Driver/Src/stm32f1xx_hal_cortex.o
 .debug_ranges  0x00000000000003e0       0x70 ./Drivers/STM32F1xx_HAL_Driver/Src/stm32f1xx_hal_dma.o
 .debug_ranges  0x0000000000000450       0x48 ./Drivers/STM32F1xx_HAL_Driver/Src/stm32f1xx_hal_gpio.o
 .debug_ranges  0x0000000000000498       0x80 ./Drivers/STM32F1xx_HAL_Driver/Src/stm32f1xx_hal_rcc.o
 .debug_ranges  0x0000000000000518      0x3c0 ./Drivers/STM32F1xx_HAL_Driver/Src/stm32f1xx_hal_tim.o
 .debug_ranges  0x00000000000008d8      0x158 ./Drivers/STM32F1xx_HAL_Driver/Src/stm32f1xx_hal_tim_ex.o
 .debug_ranges  0x0000000000000a30      0x228 ./Drivers/STM32F1xx_HAL_Driver/Src/stm32f1xx_hal_uart.o

.debug_macro    0x0000000000000000    0x198c4
 .debug_macro   0x0000000000000000      0x376 ./Core/Src/button.o
 .debug_macro   0x0000000000000376      0xa9c ./Core/Src/button.o
 .debug_macro   0x0000000000000e12       0x10 ./Core/Src/button.o
 .debug_macro   0x0000000000000e22      0x21b ./Core/Src/button.o
 .debug_macro   0x000000000000103d       0x2e ./Core/Src/button.o
 .debug_macro   0x000000000000106b       0x22 ./Core/Src/button.o
 .debug_macro   0x000000000000108d       0x22 ./Core/Src/button.o
 .debug_macro   0x00000000000010af       0x8e ./Core/Src/button.o
 .debug_macro   0x000000000000113d       0x51 ./Core/Src/button.o
 .debug_macro   0x000000000000118e      0x103 ./Core/Src/button.o
 .debug_macro   0x0000000000001291       0x6a ./Core/Src/button.o
 .debug_macro   0x00000000000012fb      0x1df ./Core/Src/button.o
 .debug_macro   0x00000000000014da       0x1c ./Core/Src/button.o
 .debug_macro   0x00000000000014f6       0x22 ./Core/Src/button.o
 .debug_macro   0x0000000000001518       0xc3 ./Core/Src/button.o
 .debug_macro   0x00000000000015db      0xd23 ./Core/Src/button.o
 .debug_macro   0x00000000000022fe     0xe09e ./Core/Src/button.o
 .debug_macro   0x000000000001039c       0x6d ./Core/Src/button.o
 .debug_macro   0x0000000000010409     0x348d ./Core/Src/button.o
 .debug_macro   0x0000000000013896      0x174 ./Core/Src/button.o
 .debug_macro   0x0000000000013a0a       0x5c ./Core/Src/button.o
 .debug_macro   0x0000000000013a66      0x5bc ./Core/Src/button.o
 .debug_macro   0x0000000000014022      0x289 ./Core/Src/button.o
 .debug_macro   0x00000000000142ab      0x1cb ./Core/Src/button.o
 .debug_macro   0x0000000000014476      0x114 ./Core/Src/button.o
 .debug_macro   0x000000000001458a      0x1b2 ./Core/Src/button.o
 .debug_macro   0x000000000001473c       0x27 ./Core/Src/button.o
 .debug_macro   0x0000000000014763      0x136 ./Core/Src/button.o
 .debug_macro   0x0000000000014899      0x1bc ./Core/Src/button.o
 .debug_macro   0x0000000000014a55       0x34 ./Core/Src/button.o
 .debug_macro   0x0000000000014a89       0x3c ./Core/Src/button.o
 .debug_macro   0x0000000000014ac5       0x57 ./Core/Src/button.o
 .debug_macro   0x0000000000014b1c       0x87 ./Core/Src/button.o
 .debug_macro   0x0000000000014ba3      0x240 ./Core/Src/button.o
 .debug_macro   0x0000000000014de3      0x140 ./Core/Src/button.o
 .debug_macro   0x0000000000014f23      0x8ed ./Core/Src/button.o
 .debug_macro   0x0000000000015810      0x28e ./Core/Src/button.o
 .debug_macro   0x0000000000015a9e       0x83 ./Core/Src/button.o
 .debug_macro   0x0000000000015b21       0x88 ./Core/Src/button.o
 .debug_macro   0x0000000000015ba9       0x52 ./Core/Src/button.o
 .debug_macro   0x0000000000015bfb       0x18 ./Core/Src/button.o
 .debug_macro   0x0000000000015c13       0x3c ./Core/Src/button.o
 .debug_macro   0x0000000000015c4f       0x34 ./Core/Src/button.o
 .debug_macro   0x0000000000015c83       0x16 ./Core/Src/button.o
 .debug_macro   0x0000000000015c99       0x35 ./Core/Src/button.o
 .debug_macro   0x0000000000015cce      0x333 ./Core/Src/button.o
 .debug_macro   0x0000000000016001       0x10 ./Core/Src/button.o
 .debug_macro   0x0000000000016011       0x16 ./Core/Src/button.o
 .debug_macro   0x0000000000016027       0x43 ./Core/Src/button.o
 .debug_macro   0x000000000001606a       0x34 ./Core/Src/button.o
 .debug_macro   0x000000000001609e       0x10 ./Core/Src/button.o
 .debug_macro   0x00000000000160ae       0x58 ./Core/Src/button.o
 .debug_macro   0x0000000000016106       0x71 ./Core/Src/button.o
 .debug_macro   0x0000000000016177       0x1c ./Core/Src/button.o
 .debug_macro   0x0000000000016193      0x12a ./Core/Src/button.o
 .debug_macro   0x00000000000162bd       0x10 ./Core/Src/button.o
 .debug_macro   0x00000000000162cd       0x1c ./Core/Src/button.o
 .debug_macro   0x00000000000162e9       0x52 ./Core/Src/button.o
 .debug_macro   0x000000000001633b       0x22 ./Core/Src/button.o
 .debug_macro   0x000000000001635d       0x10 ./Core/Src/button.o
 .debug_macro   0x000000000001636d       0x40 ./Core/Src/button.o
 .debug_macro   0x00000000000163ad       0xd5 ./Core/Src/button.o
 .debug_macro   0x0000000000016482       0x1c ./Core/Src/button.o
 .debug_macro   0x000000000001649e       0x3d ./Core/Src/button.o
 .debug_macro   0x00000000000164db       0x16 ./Core/Src/button.o
 .debug_macro   0x00000000000164f1      0x145 ./Core/Src/button.o
 .debug_macro   0x0000000000016636       0x34 ./Core/Src/button.o
 .debug_macro   0x000000000001666a       0x16 ./Core/Src/button.o
 .debug_macro   0x0000000000016680      0x370 ./Core/Src/fsm_auto.o
 .debug_macro   0x00000000000169f0       0x8e ./Core/Src/fsm_auto.o
 .debug_macro   0x0000000000016a7e      0x36c ./Core/Src/fsm_manual.o
 .debug_macro   0x0000000000016dea      0x36c ./Core/Src/global_vars.o
 .debug_macro   0x0000000000017156      0x376 ./Core/Src/main.o
 .debug_macro   0x00000000000174cc      0x370 ./Core/Src/pedestrian.o
 .debug_macro   0x000000000001783c      0x376 ./Core/Src/stm32f1xx_hal_msp.o
 .debug_macro   0x0000000000017bb2      0x380 ./Core/Src/stm32f1xx_it.o
 .debug_macro   0x0000000000017f32       0xff ./Core/Src/sysmem.o
 .debug_macro   0x0000000000018031      0x23b ./Core/Src/sysmem.o
 .debug_macro   0x000000000001826c      0x1a3 ./Core/Src/system_stm32f1xx.o
 .debug_macro   0x000000000001840f       0x1a ./Core/Src/timer.o
 .debug_macro   0x0000000000018429      0x370 ./Core/Src/traffic_light.o
 .debug_macro   0x0000000000018799      0x370 ./Core/Src/transfer.o
 .debug_macro   0x0000000000018b09      0x1c7 ./Drivers/STM32F1xx_HAL_Driver/Src/stm32f1xx_hal.o
 .debug_macro   0x0000000000018cd0      0x1a3 ./Drivers/STM32F1xx_HAL_Driver/Src/stm32f1xx_hal_cortex.o
 .debug_macro   0x0000000000018e73      0x1a3 ./Drivers/STM32F1xx_HAL_Driver/Src/stm32f1xx_hal_dma.o
 .debug_macro   0x0000000000019016      0x20e ./Drivers/STM32F1xx_HAL_Driver/Src/stm32f1xx_hal_gpio.o
 .debug_macro   0x0000000000019224      0x1b5 ./Drivers/STM32F1xx_HAL_Driver/Src/stm32f1xx_hal_rcc.o
 .debug_macro   0x00000000000193d9      0x1a4 ./Drivers/STM32F1xx_HAL_Driver/Src/stm32f1xx_hal_tim.o
 .debug_macro   0x000000000001957d      0x1a3 ./Drivers/STM32F1xx_HAL_Driver/Src/stm32f1xx_hal_tim_ex.o
 .debug_macro   0x0000000000019720      0x1a4 ./Drivers/STM32F1xx_HAL_Driver/Src/stm32f1xx_hal_uart.o

.debug_line     0x0000000000000000    0x12e15
 .debug_line    0x0000000000000000      0xb7a ./Core/Src/button.o
 .debug_line    0x0000000000000b7a      0xb02 ./Core/Src/fsm_auto.o
 .debug_line    0x000000000000167c      0xbf3 ./Core/Src/fsm_manual.o
 .debug_line    0x000000000000226f      0xa02 ./Core/Src/global_vars.o
 .debug_line    0x0000000000002c71      0xc55 ./Core/Src/main.o
 .debug_line    0x00000000000038c6      0xa2c ./Core/Src/pedestrian.o
 .debug_line    0x00000000000042f2      0xafe ./Core/Src/stm32f1xx_hal_msp.o
 .debug_line    0x0000000000004df0      0xb13 ./Core/Src/stm32f1xx_it.o
 .debug_line    0x0000000000005903      0x644 ./Core/Src/sysmem.o
 .debug_line    0x0000000000005f47      0x76e ./Core/Src/system_stm32f1xx.o
 .debug_line    0x00000000000066b5      0x11f ./Core/Src/timer.o
 .debug_line    0x00000000000067d4      0xaaa ./Core/Src/traffic_light.o
 .debug_line    0x000000000000727e      0xa4d ./Core/Src/transfer.o
 .debug_line    0x0000000000007ccb       0x86 ./Core/Startup/startup_stm32f103rbtx.o
 .debug_line    0x0000000000007d51      0x99b ./Drivers/STM32F1xx_HAL_Driver/Src/stm32f1xx_hal.o
 .debug_line    0x00000000000086ec      0xb83 ./Drivers/STM32F1xx_HAL_Driver/Src/stm32f1xx_hal_cortex.o
 .debug_line    0x000000000000926f      0xdf4 ./Drivers/STM32F1xx_HAL_Driver/Src/stm32f1xx_hal_dma.o
 .debug_line    0x000000000000a063      0xa34 ./Drivers/STM32F1xx_HAL_Driver/Src/stm32f1xx_hal_gpio.o
 .debug_line    0x000000000000aa97      0xda7 ./Drivers/STM32F1xx_HAL_Driver/Src/stm32f1xx_hal_rcc.o
 .debug_line    0x000000000000b83e     0x341a ./Drivers/STM32F1xx_HAL_Driver/Src/stm32f1xx_hal_tim.o
 .debug_line    0x000000000000ec58     0x18f1 ./Drivers/STM32F1xx_HAL_Driver/Src/stm32f1xx_hal_tim_ex.o
 .debug_line    0x0000000000010549     0x28cc ./Drivers/STM32F1xx_HAL_Driver/Src/stm32f1xx_hal_uart.o

.debug_str      0x0000000000000000    0x8b2d2
 .debug_str     0x0000000000000000    0x87e47 ./Core/Src/button.o
                                      0x88303 (size before relaxing)
 .debug_str     0x0000000000087e47       0x3d ./Core/Src/fsm_auto.o
                                      0x882a0 (size before relaxing)
 .debug_str     0x0000000000087e84       0x45 ./Core/Src/fsm_manual.o
                                      0x882a9 (size before relaxing)
 .debug_str     0x0000000000087ec9       0x2a ./Core/Src/global_vars.o
                                      0x88288 (size before relaxing)
 .debug_str     0x0000000000087ef3      0x377 ./Core/Src/main.o
                                      0x88603 (size before relaxing)
 .debug_str     0x000000000008826a       0x28 ./Core/Src/pedestrian.o
                                      0x8828b (size before relaxing)
 .debug_str     0x0000000000088292      0x32c ./Core/Src/stm32f1xx_hal_msp.o
                                      0x88678 (size before relaxing)
 .debug_str     0x00000000000885be       0xdf ./Core/Src/stm32f1xx_it.o
                                      0x8833d (size before relaxing)
 .debug_str     0x000000000008869d      0x4e9 ./Core/Src/sysmem.o
                                       0x6243 (size before relaxing)
 .debug_str     0x0000000000088b86       0x52 ./Core/Src/system_stm32f1xx.o
                                      0x8369b (size before relaxing)
 .debug_str     0x0000000000088bd8       0x53 ./Core/Src/timer.o
                                       0x2ddb (size before relaxing)
 .debug_str     0x0000000000088c2b       0x59 ./Core/Src/traffic_light.o
                                      0x882c2 (size before relaxing)
 .debug_str     0x0000000000088c84       0x1f ./Core/Src/transfer.o
                                      0x8827d (size before relaxing)
 .debug_str     0x0000000000088ca3       0x36 ./Core/Startup/startup_stm32f103rbtx.o
                                         0x57 (size before relaxing)
 .debug_str     0x0000000000088cd9      0x304 ./Drivers/STM32F1xx_HAL_Driver/Src/stm32f1xx_hal.o
                                      0x83d2c (size before relaxing)
 .debug_str     0x0000000000088fdd      0x300 ./Drivers/STM32F1xx_HAL_Driver/Src/stm32f1xx_hal_cortex.o
                                      0x83d34 (size before relaxing)
 .debug_str     0x00000000000892dd      0x230 ./Drivers/STM32F1xx_HAL_Driver/Src/stm32f1xx_hal_dma.o
                                      0x83a76 (size before relaxing)
 .debug_str     0x000000000008950d      0x31f ./Drivers/STM32F1xx_HAL_Driver/Src/stm32f1xx_hal_gpio.o
                                      0x83a5f (size before relaxing)
 .debug_str     0x000000000008982c      0x24a ./Drivers/STM32F1xx_HAL_Driver/Src/stm32f1xx_hal_rcc.o
                                      0x83a98 (size before relaxing)
 .debug_str     0x0000000000089a76      0xd68 ./Drivers/STM32F1xx_HAL_Driver/Src/stm32f1xx_hal_tim.o
                                      0x84a71 (size before relaxing)
 .debug_str     0x000000000008a7de      0x4ee ./Drivers/STM32F1xx_HAL_Driver/Src/stm32f1xx_hal_tim_ex.o
                                      0x84222 (size before relaxing)
 .debug_str     0x000000000008accc      0x606 ./Drivers/STM32F1xx_HAL_Driver/Src/stm32f1xx_hal_uart.o
                                      0x840f0 (size before relaxing)

.comment        0x0000000000000000       0x53
 .comment       0x0000000000000000       0x53 ./Core/Src/button.o
                                         0x54 (size before relaxing)
 .comment       0x0000000000000053       0x54 ./Core/Src/fsm_auto.o
 .comment       0x0000000000000053       0x54 ./Core/Src/fsm_manual.o
 .comment       0x0000000000000053       0x54 ./Core/Src/global_vars.o
 .comment       0x0000000000000053       0x54 ./Core/Src/main.o
 .comment       0x0000000000000053       0x54 ./Core/Src/pedestrian.o
 .comment       0x0000000000000053       0x54 ./Core/Src/stm32f1xx_hal_msp.o
 .comment       0x0000000000000053       0x54 ./Core/Src/stm32f1xx_it.o
 .comment       0x0000000000000053       0x54 ./Core/Src/sysmem.o
 .comment       0x0000000000000053       0x54 ./Core/Src/system_stm32f1xx.o
 .comment       0x0000000000000053       0x54 ./Core/Src/timer.o
 .comment       0x0000000000000053       0x54 ./Core/Src/traffic_light.o
 .comment       0x0000000000000053       0x54 ./Core/Src/transfer.o
 .comment       0x0000000000000053       0x54 ./Drivers/STM32F1xx_HAL_Driver/Src/stm32f1xx_hal.o
 .comment       0x0000000000000053       0x54 ./Drivers/STM32F1xx_HAL_Driver/Src/stm32f1xx_hal_cortex.o
 .comment       0x0000000000000053       0x54 ./Drivers/STM32F1xx_HAL_Driver/Src/stm32f1xx_hal_dma.o
 .comment       0x0000000000000053       0x54 ./Drivers/STM32F1xx_HAL_Driver/Src/stm32f1xx_hal_gpio.o
 .comment       0x0000000000000053       0x54 ./Drivers/STM32F1xx_HAL_Driver/Src/stm32f1xx_hal_rcc.o
 .comment       0x0000000000000053       0x54 ./Drivers/STM32F1xx_HAL_Driver/Src/stm32f1xx_hal_tim.o
 .comment       0x0000000000000053       0x54 ./Drivers/STM32F1xx_HAL_Driver/Src/stm32f1xx_hal_tim_ex.o
 .comment       0x0000000000000053       0x54 ./Drivers/STM32F1xx_HAL_Driver/Src/stm32f1xx_hal_uart.o

.debug_frame    0x0000000000000000     0x39f4
 .debug_frame   0x0000000000000000       0xe4 ./Core/Src/button.o
 .debug_frame   0x00000000000000e4       0x34 ./Core/Src/fsm_auto.o
 .debug_frame   0x0000000000000118       0x50 ./Core/Src/fsm_manual.o
 .debug_frame   0x0000000000000168      0x160 ./Core/Src/main.o
 .debug_frame   0x00000000000002c8       0x58 ./Core/Src/pedestrian.o
 .debug_frame   0x0000000000000320       0xec ./Core/Src/stm32f1xx_hal_msp.o
 .debug_frame   0x000000000000040c      0x13c ./Core/Src/stm32f1xx_it.o
 .debug_frame   0x0000000000000548       0x34 ./Core/Src/sysmem.o
 .debug_frame   0x000000000000057c       0x58 ./Core/Src/system_stm32f1xx.o
 .debug_frame   0x00000000000005d4       0xe0 ./Core/Src/timer.o
 .debug_frame   0x00000000000006b4       0xa0 ./Core/Src/traffic_light.o
 .debug_frame   0x0000000000000754       0x34 ./Core/Src/transfer.o
 .debug_frame   0x0000000000000788      0x334 ./Drivers/STM32F1xx_HAL_Driver/Src/stm32f1xx_hal.o
 .debug_frame   0x0000000000000abc      0x428 ./Drivers/STM32F1xx_HAL_Driver/Src/stm32f1xx_hal_cortex.o
 .debug_frame   0x0000000000000ee4      0x208 ./Drivers/STM32F1xx_HAL_Driver/Src/stm32f1xx_hal_dma.o
 .debug_frame   0x00000000000010ec      0x14c ./Drivers/STM32F1xx_HAL_Driver/Src/stm32f1xx_hal_gpio.o
 .debug_frame   0x0000000000001238      0x218 ./Drivers/STM32F1xx_HAL_Driver/Src/stm32f1xx_hal_rcc.o
 .debug_frame   0x0000000000001450     0x11bc ./Drivers/STM32F1xx_HAL_Driver/Src/stm32f1xx_hal_tim.o
 .debug_frame   0x000000000000260c      0x638 ./Drivers/STM32F1xx_HAL_Driver/Src/stm32f1xx_hal_tim_ex.o
 .debug_frame   0x0000000000002c44      0x944 ./Drivers/STM32F1xx_HAL_Driver/Src/stm32f1xx_hal_uart.o
 .debug_frame   0x0000000000003588       0x20 e:/btvn/nam 3/vi xu ly/stm32cubeide_1.7.0/stm32cubeide/plugins/com.st.stm32cube.ide.mcu.externaltools.gnu-tools-for-stm32.9-2020-q2-update.win32_2.0.0.202105311346/tools/bin/../lib/gcc/arm-none-eabi/9.3.1/../../../../arm-none-eabi/lib/thumb/v7-m/nofp\libc_nano.a(lib_a-errno.o)
 .debug_frame   0x00000000000035a8       0x2c e:/btvn/nam 3/vi xu ly/stm32cubeide_1.7.0/stm32cubeide/plugins/com.st.stm32cube.ide.mcu.externaltools.gnu-tools-for-stm32.9-2020-q2-update.win32_2.0.0.202105311346/tools/bin/../lib/gcc/arm-none-eabi/9.3.1/../../../../arm-none-eabi/lib/thumb/v7-m/nofp\libc_nano.a(lib_a-init.o)
 .debug_frame   0x00000000000035d4       0x20 e:/btvn/nam 3/vi xu ly/stm32cubeide_1.7.0/stm32cubeide/plugins/com.st.stm32cube.ide.mcu.externaltools.gnu-tools-for-stm32.9-2020-q2-update.win32_2.0.0.202105311346/tools/bin/../lib/gcc/arm-none-eabi/9.3.1/../../../../arm-none-eabi/lib/thumb/v7-m/nofp\libc_nano.a(lib_a-memset.o)
 .debug_frame   0x00000000000035f4       0x6c e:/btvn/nam 3/vi xu ly/stm32cubeide_1.7.0/stm32cubeide/plugins/com.st.stm32cube.ide.mcu.externaltools.gnu-tools-for-stm32.9-2020-q2-update.win32_2.0.0.202105311346/tools/bin/../lib/gcc/arm-none-eabi/9.3.1/../../../../arm-none-eabi/lib/thumb/v7-m/nofp\libc_nano.a(lib_a-sprintf.o)
 .debug_frame   0x0000000000003660       0x90 e:/btvn/nam 3/vi xu ly/stm32cubeide_1.7.0/stm32cubeide/plugins/com.st.stm32cube.ide.mcu.externaltools.gnu-tools-for-stm32.9-2020-q2-update.win32_2.0.0.202105311346/tools/bin/../lib/gcc/arm-none-eabi/9.3.1/../../../../arm-none-eabi/lib/thumb/v7-m/nofp\libc_nano.a(lib_a-nano-svfprintf.o)
 .debug_frame   0x00000000000036f0       0x60 e:/btvn/nam 3/vi xu ly/stm32cubeide_1.7.0/stm32cubeide/plugins/com.st.stm32cube.ide.mcu.externaltools.gnu-tools-for-stm32.9-2020-q2-update.win32_2.0.0.202105311346/tools/bin/../lib/gcc/arm-none-eabi/9.3.1/../../../../arm-none-eabi/lib/thumb/v7-m/nofp\libc_nano.a(lib_a-nano-vfprintf_i.o)
 .debug_frame   0x0000000000003750       0x28 e:/btvn/nam 3/vi xu ly/stm32cubeide_1.7.0/stm32cubeide/plugins/com.st.stm32cube.ide.mcu.externaltools.gnu-tools-for-stm32.9-2020-q2-update.win32_2.0.0.202105311346/tools/bin/../lib/gcc/arm-none-eabi/9.3.1/../../../../arm-none-eabi/lib/thumb/v7-m/nofp\libc_nano.a(lib_a-memchr-stub.o)
 .debug_frame   0x0000000000003778       0x28 e:/btvn/nam 3/vi xu ly/stm32cubeide_1.7.0/stm32cubeide/plugins/com.st.stm32cube.ide.mcu.externaltools.gnu-tools-for-stm32.9-2020-q2-update.win32_2.0.0.202105311346/tools/bin/../lib/gcc/arm-none-eabi/9.3.1/../../../../arm-none-eabi/lib/thumb/v7-m/nofp\libc_nano.a(lib_a-memcpy-stub.o)
 .debug_frame   0x00000000000037a0       0x28 e:/btvn/nam 3/vi xu ly/stm32cubeide_1.7.0/stm32cubeide/plugins/com.st.stm32cube.ide.mcu.externaltools.gnu-tools-for-stm32.9-2020-q2-update.win32_2.0.0.202105311346/tools/bin/../lib/gcc/arm-none-eabi/9.3.1/../../../../arm-none-eabi/lib/thumb/v7-m/nofp\libc_nano.a(lib_a-memmove.o)
 .debug_frame   0x00000000000037c8       0x38 e:/btvn/nam 3/vi xu ly/stm32cubeide_1.7.0/stm32cubeide/plugins/com.st.stm32cube.ide.mcu.externaltools.gnu-tools-for-stm32.9-2020-q2-update.win32_2.0.0.202105311346/tools/bin/../lib/gcc/arm-none-eabi/9.3.1/../../../../arm-none-eabi/lib/thumb/v7-m/nofp\libc_nano.a(lib_a-nano-freer.o)
 .debug_frame   0x0000000000003800       0x30 e:/btvn/nam 3/vi xu ly/stm32cubeide_1.7.0/stm32cubeide/plugins/com.st.stm32cube.ide.mcu.externaltools.gnu-tools-for-stm32.9-2020-q2-update.win32_2.0.0.202105311346/tools/bin/../lib/gcc/arm-none-eabi/9.3.1/../../../../arm-none-eabi/lib/thumb/v7-m/nofp\libc_nano.a(lib_a-nano-mallocr.o)
 .debug_frame   0x0000000000003830       0x3c e:/btvn/nam 3/vi xu ly/stm32cubeide_1.7.0/stm32cubeide/plugins/com.st.stm32cube.ide.mcu.externaltools.gnu-tools-for-stm32.9-2020-q2-update.win32_2.0.0.202105311346/tools/bin/../lib/gcc/arm-none-eabi/9.3.1/../../../../arm-none-eabi/lib/thumb/v7-m/nofp\libc_nano.a(lib_a-nano-reallocr.o)
 .debug_frame   0x000000000000386c       0x2c e:/btvn/nam 3/vi xu ly/stm32cubeide_1.7.0/stm32cubeide/plugins/com.st.stm32cube.ide.mcu.externaltools.gnu-tools-for-stm32.9-2020-q2-update.win32_2.0.0.202105311346/tools/bin/../lib/gcc/arm-none-eabi/9.3.1/../../../../arm-none-eabi/lib/thumb/v7-m/nofp\libc_nano.a(lib_a-sbrkr.o)
 .debug_frame   0x0000000000003898       0x30 e:/btvn/nam 3/vi xu ly/stm32cubeide_1.7.0/stm32cubeide/plugins/com.st.stm32cube.ide.mcu.externaltools.gnu-tools-for-stm32.9-2020-q2-update.win32_2.0.0.202105311346/tools/bin/../lib/gcc/arm-none-eabi/9.3.1/../../../../arm-none-eabi/lib/thumb/v7-m/nofp\libc_nano.a(lib_a-mlock.o)
 .debug_frame   0x00000000000038c8       0x20 e:/btvn/nam 3/vi xu ly/stm32cubeide_1.7.0/stm32cubeide/plugins/com.st.stm32cube.ide.mcu.externaltools.gnu-tools-for-stm32.9-2020-q2-update.win32_2.0.0.202105311346/tools/bin/../lib/gcc/arm-none-eabi/9.3.1/../../../../arm-none-eabi/lib/thumb/v7-m/nofp\libc_nano.a(lib_a-nano-msizer.o)
 .debug_frame   0x00000000000038e8       0x5c e:/btvn/nam 3/vi xu ly/stm32cubeide_1.7.0/stm32cubeide/plugins/com.st.stm32cube.ide.mcu.externaltools.gnu-tools-for-stm32.9-2020-q2-update.win32_2.0.0.202105311346/tools/bin/../lib/gcc/arm-none-eabi/9.3.1/../../../../arm-none-eabi/lib/thumb/v7-m/nofp\libc_nano.a(lib_a-reent.o)
 .debug_frame   0x0000000000003944       0xb0 e:/btvn/nam 3/vi xu ly/stm32cubeide_1.7.0/stm32cubeide/plugins/com.st.stm32cube.ide.mcu.externaltools.gnu-tools-for-stm32.9-2020-q2-update.win32_2.0.0.202105311346/tools/bin/../lib/gcc/arm-none-eabi/9.3.1/../../../../arm-none-eabi/lib/thumb/v7-m/nofp\libc_nano.a(lib_a-lock.o)
